Archive member included to satisfy reference by file (symbol)

/opt/intelFPGA/18.1/nios2eds/bin/gnu/H-x86_64-pc-linux-gnu/bin/../lib/gcc/nios2-elf/5.3.0/../../../../../H-x86_64-pc-linux-gnu/nios2-elf/lib/mhw-mulx/libc.a(lib_a-rand.o)
                              obj/default/flight_control.o (srand)
/opt/intelFPGA/18.1/nios2eds/bin/gnu/H-x86_64-pc-linux-gnu/bin/../lib/gcc/nios2-elf/5.3.0/../../../../../H-x86_64-pc-linux-gnu/nios2-elf/lib/mhw-mulx/libc.a(lib_a-sprintf.o)
                              obj/default/flight_control.o (sprintf)
/opt/intelFPGA/18.1/nios2eds/bin/gnu/H-x86_64-pc-linux-gnu/bin/../lib/gcc/nios2-elf/5.3.0/../../../../../H-x86_64-pc-linux-gnu/nios2-elf/lib/mhw-mulx/libc.a(lib_a-svfprintf.o)
                              /opt/intelFPGA/18.1/nios2eds/bin/gnu/H-x86_64-pc-linux-gnu/bin/../lib/gcc/nios2-elf/5.3.0/../../../../../H-x86_64-pc-linux-gnu/nios2-elf/lib/mhw-mulx/libc.a(lib_a-sprintf.o) (___svfprintf_internal_r)
/opt/intelFPGA/18.1/nios2eds/bin/gnu/H-x86_64-pc-linux-gnu/bin/../lib/gcc/nios2-elf/5.3.0/../../../../../H-x86_64-pc-linux-gnu/nios2-elf/lib/mhw-mulx/libc.a(lib_a-dtoa.o)
                              /opt/intelFPGA/18.1/nios2eds/bin/gnu/H-x86_64-pc-linux-gnu/bin/../lib/gcc/nios2-elf/5.3.0/../../../../../H-x86_64-pc-linux-gnu/nios2-elf/lib/mhw-mulx/libc.a(lib_a-svfprintf.o) (_dtoa_r)
/opt/intelFPGA/18.1/nios2eds/bin/gnu/H-x86_64-pc-linux-gnu/bin/../lib/gcc/nios2-elf/5.3.0/../../../../../H-x86_64-pc-linux-gnu/nios2-elf/lib/mhw-mulx/libc.a(lib_a-impure.o)
                              /opt/intelFPGA/18.1/nios2eds/bin/gnu/H-x86_64-pc-linux-gnu/bin/../lib/gcc/nios2-elf/5.3.0/../../../../../H-x86_64-pc-linux-gnu/nios2-elf/lib/mhw-mulx/libc.a(lib_a-rand.o) (_impure_ptr)
/opt/intelFPGA/18.1/nios2eds/bin/gnu/H-x86_64-pc-linux-gnu/bin/../lib/gcc/nios2-elf/5.3.0/../../../../../H-x86_64-pc-linux-gnu/nios2-elf/lib/mhw-mulx/libc.a(lib_a-locale.o)
                              /opt/intelFPGA/18.1/nios2eds/bin/gnu/H-x86_64-pc-linux-gnu/bin/../lib/gcc/nios2-elf/5.3.0/../../../../../H-x86_64-pc-linux-gnu/nios2-elf/lib/mhw-mulx/libc.a(lib_a-svfprintf.o) (_localeconv_r)
/opt/intelFPGA/18.1/nios2eds/bin/gnu/H-x86_64-pc-linux-gnu/bin/../lib/gcc/nios2-elf/5.3.0/../../../../../H-x86_64-pc-linux-gnu/nios2-elf/lib/mhw-mulx/libc.a(lib_a-mallocr.o)
                              /opt/intelFPGA/18.1/nios2eds/bin/gnu/H-x86_64-pc-linux-gnu/bin/../lib/gcc/nios2-elf/5.3.0/../../../../../H-x86_64-pc-linux-gnu/nios2-elf/lib/mhw-mulx/libc.a(lib_a-svfprintf.o) (_malloc_r)
/opt/intelFPGA/18.1/nios2eds/bin/gnu/H-x86_64-pc-linux-gnu/bin/../lib/gcc/nios2-elf/5.3.0/../../../../../H-x86_64-pc-linux-gnu/nios2-elf/lib/mhw-mulx/libc.a(lib_a-memchr.o)
                              /opt/intelFPGA/18.1/nios2eds/bin/gnu/H-x86_64-pc-linux-gnu/bin/../lib/gcc/nios2-elf/5.3.0/../../../../../H-x86_64-pc-linux-gnu/nios2-elf/lib/mhw-mulx/libc.a(lib_a-svfprintf.o) (memchr)
/opt/intelFPGA/18.1/nios2eds/bin/gnu/H-x86_64-pc-linux-gnu/bin/../lib/gcc/nios2-elf/5.3.0/../../../../../H-x86_64-pc-linux-gnu/nios2-elf/lib/mhw-mulx/libc.a(lib_a-memcpy.o)
                              /opt/intelFPGA/18.1/nios2eds/bin/gnu/H-x86_64-pc-linux-gnu/bin/../lib/gcc/nios2-elf/5.3.0/../../../../../H-x86_64-pc-linux-gnu/nios2-elf/lib/mhw-mulx/libc.a(lib_a-dtoa.o) (memcpy)
/opt/intelFPGA/18.1/nios2eds/bin/gnu/H-x86_64-pc-linux-gnu/bin/../lib/gcc/nios2-elf/5.3.0/../../../../../H-x86_64-pc-linux-gnu/nios2-elf/lib/mhw-mulx/libc.a(lib_a-mprec.o)
                              /opt/intelFPGA/18.1/nios2eds/bin/gnu/H-x86_64-pc-linux-gnu/bin/../lib/gcc/nios2-elf/5.3.0/../../../../../H-x86_64-pc-linux-gnu/nios2-elf/lib/mhw-mulx/libc.a(lib_a-dtoa.o) (_Balloc)
/opt/intelFPGA/18.1/nios2eds/bin/gnu/H-x86_64-pc-linux-gnu/bin/../lib/gcc/nios2-elf/5.3.0/../../../../../H-x86_64-pc-linux-gnu/nios2-elf/lib/mhw-mulx/libc.a(lib_a-s_fpclassify.o)
                              /opt/intelFPGA/18.1/nios2eds/bin/gnu/H-x86_64-pc-linux-gnu/bin/../lib/gcc/nios2-elf/5.3.0/../../../../../H-x86_64-pc-linux-gnu/nios2-elf/lib/mhw-mulx/libc.a(lib_a-svfprintf.o) (__fpclassifyd)
/opt/intelFPGA/18.1/nios2eds/bin/gnu/H-x86_64-pc-linux-gnu/bin/../lib/gcc/nios2-elf/5.3.0/../../../../../H-x86_64-pc-linux-gnu/nios2-elf/lib/mhw-mulx/libc.a(lib_a-sbrkr.o)
                              /opt/intelFPGA/18.1/nios2eds/bin/gnu/H-x86_64-pc-linux-gnu/bin/../lib/gcc/nios2-elf/5.3.0/../../../../../H-x86_64-pc-linux-gnu/nios2-elf/lib/mhw-mulx/libc.a(lib_a-mallocr.o) (_sbrk_r)
/opt/intelFPGA/18.1/nios2eds/bin/gnu/H-x86_64-pc-linux-gnu/bin/../lib/gcc/nios2-elf/5.3.0/../../../../../H-x86_64-pc-linux-gnu/nios2-elf/lib/mhw-mulx/libc.a(lib_a-strcmp.o)
                              /opt/intelFPGA/18.1/nios2eds/bin/gnu/H-x86_64-pc-linux-gnu/bin/../lib/gcc/nios2-elf/5.3.0/../../../../../H-x86_64-pc-linux-gnu/nios2-elf/lib/mhw-mulx/libc.a(lib_a-locale.o) (strcmp)
[...]
Memory Configuration

Name             Origin             Length             Attributes
reset            0x0000000000000000 0x0000000000000020
SDRAM            0x0000000000000020 0x0000000003ffffe0
VGA_Subsystem_Char_Buf_Subsystem_Onchip_SRAM 0x0000000009000000 0x0000000000002000
*default*        0x0000000000000000 0xffffffffffffffff

Linker script and memory map

LOAD ../flight_control_bsp//obj/HAL/src/crt0.o
LOAD obj/default/flight_control.o
LOAD /opt/intelFPGA/18.1/nios2eds/bin/gnu/H-x86_64-pc-linux-gnu/bin/../lib/gcc/nios2-elf/5.3.0/../../../../../H-x86_64-pc-linux-gnu/nios2-elf/lib/mhw-mulx/libstdc++.a
LOAD /opt/intelFPGA/18.1/nios2eds/bin/gnu/H-x86_64-pc-linux-gnu/bin/../lib/gcc/nios2-elf/5.3.0/../../../../../H-x86_64-pc-linux-gnu/nios2-elf/lib/mhw-mulx/libm.a
LOAD /opt/intelFPGA/18.1/nios2eds/bin/gnu/H-x86_64-pc-linux-gnu/bin/../lib/gcc/nios2-elf/5.3.0/mhw-mulx/libgcc.a
START GROUP
LOAD /opt/intelFPGA/18.1/nios2eds/bin/gnu/H-x86_64-pc-linux-gnu/bin/../lib/gcc/nios2-elf/5.3.0/../../../../../H-x86_64-pc-linux-gnu/nios2-elf/lib/mhw-mulx/libc.a
LOAD /opt/intelFPGA/18.1/nios2eds/bin/gnu/H-x86_64-pc-linux-gnu/bin/../lib/gcc/nios2-elf/5.3.0/mhw-mulx/libgcc.a
LOAD ../flight_control_bsp//libucosii_bsp.a
LOAD /opt/intelFPGA/18.1/nios2eds/bin/gnu/H-x86_64-pc-linux-gnu/bin/../lib/gcc/nios2-elf/5.3.0/../../../../../H-x86_64-pc-linux-gnu/nios2-elf/lib/mhw-mulx/libm.a
END GROUP
LOAD /opt/intelFPGA/18.1/nios2eds/bin/gnu/H-x86_64-pc-linux-gnu/bin/../lib/gcc/nios2-elf/5.3.0/mhw-mulx/libgcc.a
                0x0000000000000000                __alt_mem_SDRAM = 0x0
                0x0000000009000000                __alt_mem_VGA_Subsystem_Char_Buf_Subsystem_Onchip_SRAM = 0x9000000

.entry          0x0000000000000000       0x20
 *(.entry)
 .entry         0x0000000000000000       0x20 ../flight_control_bsp//obj/HAL/src/crt0.o
                0x0000000000000000                __reset

.exceptions     0x0000000000000020      0x228
                0x0000000000000020                PROVIDE (__ram_exceptions_start, ABSOLUTE (.))
                0x0000000000000020                . = ALIGN (0x20)
 *(.irq)
 *(.exceptions.entry.label)
 .exceptions.entry.label
                0x0000000000000020        0x0 ../flight_control_bsp//libucosii_bsp.a(alt_irq_entry.o)
                0x0000000000000020                alt_irq_entry
 .exceptions.entry.label
                0x0000000000000020        0x0 ../flight_control_bsp//libucosii_bsp.a(alt_exception_entry.o)
                0x0000000000000020                alt_exception
 *(.exceptions.entry.user)
 *(.exceptions.entry.ecc_fatal)
 *(.exceptions.entry)
 .exceptions.entry
                0x0000000000000020       0x54 ../flight_control_bsp//libucosii_bsp.a(alt_exception_entry.o)
 *(.exceptions.irqtest.user)
 *(.exceptions.irqtest)
 .exceptions.irqtest
                0x0000000000000074       0x10 ../flight_control_bsp//libucosii_bsp.a(alt_irq_entry.o)
 *(.exceptions.irqhandler.user)
 *(.exceptions.irqhandler)
 .exceptions.irqhandler
                0x0000000000000084        0x4 ../flight_control_bsp//libucosii_bsp.a(alt_irq_entry.o)
 *(.exceptions.irqreturn.user)
 *(.exceptions.irqreturn)
 .exceptions.irqreturn
                0x0000000000000088        0x4 ../flight_control_bsp//libucosii_bsp.a(alt_irq_entry.o)
 *(.exceptions.notirq.label)
 .exceptions.notirq.label
                0x000000000000008c        0x0 ../flight_control_bsp//libucosii_bsp.a(alt_irq_entry.o)
 *(.exceptions.notirq.user)
 *(.exceptions.notirq)
 .exceptions.notirq
                0x000000000000008c        0x8 ../flight_control_bsp//libucosii_bsp.a(alt_exception_entry.o)
 *(.exceptions.soft.user)
 *(.exceptions.soft)
 *(.exceptions.unknown.user)
 *(.exceptions.unknown)
 .exceptions.unknown
                0x0000000000000094       0x14 ../flight_control_bsp//libucosii_bsp.a(alt_exception_entry.o)
 *(.exceptions.exit.label)
 .exceptions.exit.label
                0x00000000000000a8        0x0 ../flight_control_bsp//libucosii_bsp.a(alt_irq_entry.o)
 .exceptions.exit.label
                0x00000000000000a8        0x0 ../flight_control_bsp//libucosii_bsp.a(alt_exception_entry.o)
 *(.exceptions.exit.user)
 *(.exceptions.exit)
 .exceptions.exit
                0x00000000000000a8       0x54 ../flight_control_bsp//libucosii_bsp.a(alt_exception_entry.o)
 *(.exceptions)
 .exceptions    0x00000000000000fc       0xd8 ../flight_control_bsp//libucosii_bsp.a(alt_irq_handler.o)
                0x00000000000000fc                alt_irq_handler
 .exceptions    0x00000000000001d4       0x74 ../flight_control_bsp//libucosii_bsp.a(alt_instruction_exception_entry.o)
                0x00000000000001d4                alt_instruction_exception_entry
                0x0000000000000248                PROVIDE (__ram_exceptions_end, ABSOLUTE (.))
                0x0000000000000020                PROVIDE (__flash_exceptions_start, LOADADDR (.exceptions))

.text           0x0000000000000248    0x1a0f8
                [!provide]                        PROVIDE (stext, ABSOLUTE (.))
 *(.interp)
 *(.hash)
 *(.dynsym)
 *(.dynstr)
 *(.gnu.version)
 *(.gnu.version_d)
 *(.gnu.version_r)
 *(.rel.init)
 *(.rela.init)
 *(.rel.text .rel.text.* .rel.gnu.linkonce.t.*)
 *(.rela.text .rela.text.* .rela.gnu.linkonce.t.*)
 *(.rel.fini)
 *(.rela.fini)
 *(.rel.rodata .rel.rodata.* .rel.gnu.linkonce.r.*)
 *(.rela.rodata .rela.rodata.* .rela.gnu.linkonce.r.*)
 *(.rel.data .rel.data.* .rel.gnu.linkonce.d.*)
 *(.rela.data .rela.data.* .rela.gnu.linkonce.d.*)
 *(.rel.tdata .rel.tdata.* .rel.gnu.linkonce.td.*)
 *(.rela.tdata .rela.tdata.* .rela.gnu.linkonce.td.*)
 *(.rel.tbss .rel.tbss.* .rel.gnu.linkonce.tb.*)
 *(.rela.tbss .rela.tbss.* .rela.gnu.linkonce.tb.*)
 *(.rel.ctors)
 *(.rela.ctors)
 *(.rel.dtors)
 *(.rela.dtors)
 *(.rel.got)
 *(.rela.got)
 *(.rel.sdata .rel.sdata.* .rel.gnu.linkonce.s.*)
 *(.rela.sdata .rela.sdata.* .rela.gnu.linkonce.s.*)
 *(.rel.sbss .rel.sbss.* .rel.gnu.linkonce.sb.*)
 *(.rela.sbss .rela.sbss.* .rela.gnu.linkonce.sb.*)
 *(.rel.sdata2 .rel.sdata2.* .rel.gnu.linkonce.s2.*)
 *(.rela.sdata2 .rela.sdata2.* .rela.gnu.linkonce.s2.*)
 *(.rel.sbss2 .rel.sbss2.* .rel.gnu.linkonce.sb2.*)
 *(.rela.sbss2 .rela.sbss2.* .rela.gnu.linkonce.sb2.*)
 *(.rel.bss .rel.bss.* .rel.gnu.linkonce.b.*)
 *(.rela.bss .rela.bss.* .rela.gnu.linkonce.b.*)
 *(.rel.plt)
 *(.rela.plt)
 *(.rel.dyn)
 *(.init)
 *(.plt)
 *(.text .stub .text.* .gnu.linkonce.t.*)
 .text          0x0000000000000248       0x3c ../flight_control_bsp//obj/HAL/src/crt0.o
                0x0000000000000248                _start
 .text          0x0000000000000284     0x19e8 obj/default/flight_control.o
                0x0000000000000284                main
                0x00000000000003cc                flight_task
                0x0000000000000d2c                display_task
                0x0000000000000fd4                input_task
                0x00000000000018c8                u_callback
                0x0000000000001924                clear_bg
                0x00000000000019bc                VGA_text
                0x0000000000001a50                VGA_box
                0x0000000000001b08                VGA_pixel
                0x0000000000001b70                VGA_clear
                0x0000000000001bec                VGA_clear_character
 .text          0x0000000000001c6c        0x0 /opt/intelFPGA/18.1/nios2eds/bin/gnu/H-x86_64-pc-linux-gnu/bin/../lib/gcc/nios2-elf/5.3.0/../../../../../H-x86_64-pc-linux-gnu/nios2-elf/lib/mhw-mulx/libc.a(lib_a-rand.o)
 .text.srand    0x0000000000001c6c       0x18 /opt/intelFPGA/18.1/nios2eds/bin/gnu/H-x86_64-pc-linux-gnu/bin/../lib/gcc/nios2-elf/5.3.0/../../../../../H-x86_64-pc-linux-gnu/nios2-elf/lib/mhw-mulx/libc.a(lib_a-rand.o)
                0x0000000000001c6c                srand
 .text.rand     0x0000000000001c84       0x60 /opt/intelFPGA/18.1/nios2eds/bin/gnu/H-x86_64-pc-linux-gnu/bin/../lib/gcc/nios2-elf/5.3.0/../../../../../H-x86_64-pc-linux-gnu/nios2-elf/lib/mhw-mulx/libc.a(lib_a-rand.o)
                0x0000000000001c84                rand
 .text          0x0000000000001ce4        0x0 /opt/intelFPGA/18.1/nios2eds/bin/gnu/H-x86_64-pc-linux-gnu/bin/../lib/gcc/nios2-elf/5.3.0/../../../../../H-x86_64-pc-linux-gnu/nios2-elf/lib/mhw-mulx/libc.a(lib_a-sprintf.o)
 .text._sprintf_r
                0x0000000000001ce4       0x58 /opt/intelFPGA/18.1/nios2eds/bin/gnu/H-x86_64-pc-linux-gnu/bin/../lib/gcc/nios2-elf/5.3.0/../../../../../H-x86_64-pc-linux-gnu/nios2-elf/lib/mhw-mulx/libc.a(lib_a-sprintf.o)
                0x0000000000001ce4                _sprintf_r
 .text.sprintf  0x0000000000001d3c       0x6c /opt/intelFPGA/18.1/nios2eds/bin/gnu/H-x86_64-pc-linux-gnu/bin/../lib/gcc/nios2-elf/5.3.0/../../../../../H-x86_64-pc-linux-gnu/nios2-elf/lib/mhw-mulx/libc.a(lib_a-sprintf.o)
                0x0000000000001d3c                sprintf
 .text          0x0000000000001da8        0x0 /opt/intelFPGA/18.1/nios2eds/bin/gnu/H-x86_64-pc-linux-gnu/bin/../lib/gcc/nios2-elf/5.3.0/../../../../../H-x86_64-pc-linux-gnu/nios2-elf/lib/mhw-mulx/libc.a(lib_a-svfprintf.o)
 .text.___svfprintf_internal_r
                0x0000000000001da8     0x21d8 /opt/intelFPGA/18.1/nios2eds/bin/gnu/H-x86_64-pc-linux-gnu/bin/../lib/gcc/nios2-elf/5.3.0/../../../../../H-x86_64-pc-linux-gnu/nios2-elf/lib/mhw-mulx/libc.a(lib_a-svfprintf.o)
                0x0000000000001da8                ___svfprintf_internal_r
 .text          0x0000000000003f80        0x0 /opt/intelFPGA/18.1/nios2eds/bin/gnu/H-x86_64-pc-linux-gnu/bin/../lib/gcc/nios2-elf/5.3.0/../../../../../H-x86_64-pc-linux-gnu/nios2-elf/lib/mhw-mulx/libc.a(lib_a-dtoa.o)
 .text.quorem   0x0000000000003f80      0x200 /opt/intelFPGA/18.1/nios2eds/bin/gnu/H-x86_64-pc-linux-gnu/bin/../lib/gcc/nios2-elf/5.3.0/../../../../../H-x86_64-pc-linux-gnu/nios2-elf/lib/mhw-mulx/libc.a(lib_a-dtoa.o)
 .text._dtoa_r  0x0000000000004180     0x1688 /opt/intelFPGA/18.1/nios2eds/bin/gnu/H-x86_64-pc-linux-gnu/bin/../lib/gcc/nios2-elf/5.3.0/../../../../../H-x86_64-pc-linux-gnu/nios2-elf/lib/mhw-mulx/libc.a(lib_a-dtoa.o)
                0x0000000000004180                _dtoa_r
 .text          0x0000000000005808        0x0 /opt/intelFPGA/18.1/nios2eds/bin/gnu/H-x86_64-pc-linux-gnu/bin/../lib/gcc/nios2-elf/5.3.0/../../../../../H-x86_64-pc-linux-gnu/nios2-elf/lib/mhw-mulx/libc.a(lib_a-impure.o)
 .text          0x0000000000005808        0x0 /opt/intelFPGA/18.1/nios2eds/bin/gnu/H-x86_64-pc-linux-gnu/bin/../lib/gcc/nios2-elf/5.3.0/../../../../../H-x86_64-pc-linux-gnu/nios2-elf/lib/mhw-mulx/libc.a(lib_a-locale.o)
 .text._setlocale_r
                0x0000000000005808       0x7c /opt/intelFPGA/18.1/nios2eds/bin/gnu/H-x86_64-pc-linux-gnu/bin/../lib/gcc/nios2-elf/5.3.0/../../../../../H-x86_64-pc-linux-gnu/nios2-elf/lib/mhw-mulx/libc.a(lib_a-locale.o)
                0x0000000000005808                _setlocale_r
 .text.__locale_charset
                0x0000000000005884        0xc /opt/intelFPGA/18.1/nios2eds/bin/gnu/H-x86_64-pc-linux-gnu/bin/../lib/gcc/nios2-elf/5.3.0/../../../../../H-x86_64-pc-linux-gnu/nios2-elf/lib/mhw-mulx/libc.a(lib_a-locale.o)
                0x0000000000005884                __locale_charset
 .text.__locale_mb_cur_max
                0x0000000000005890       0x10 /opt/intelFPGA/18.1/nios2eds/bin/gnu/H-x86_64-pc-linux-gnu/bin/../lib/gcc/nios2-elf/5.3.0/../../../../../H-x86_64-pc-linux-gnu/nios2-elf/lib/mhw-mulx/libc.a(lib_a-locale.o)
                0x0000000000005890                __locale_mb_cur_max
 .text.__locale_msgcharset
                0x00000000000058a0        0xc /opt/intelFPGA/18.1/nios2eds/bin/gnu/H-x86_64-pc-linux-gnu/bin/../lib/gcc/nios2-elf/5.3.0/../../../../../H-x86_64-pc-linux-gnu/nios2-elf/lib/mhw-mulx/libc.a(lib_a-locale.o)
                0x00000000000058a0                __locale_msgcharset
 .text.__locale_cjk_lang
                0x00000000000058ac        0x8 /opt/intelFPGA/18.1/nios2eds/bin/gnu/H-x86_64-pc-linux-gnu/bin/../lib/gcc/nios2-elf/5.3.0/../../../../../H-x86_64-pc-linux-gnu/nios2-elf/lib/mhw-mulx/libc.a(lib_a-locale.o)
                0x00000000000058ac                __locale_cjk_lang
 .text._localeconv_r
                0x00000000000058b4        0xc /opt/intelFPGA/18.1/nios2eds/bin/gnu/H-x86_64-pc-linux-gnu/bin/../lib/gcc/nios2-elf/5.3.0/../../../../../H-x86_64-pc-linux-gnu/nios2-elf/lib/mhw-mulx/libc.a(lib_a-locale.o)
                0x00000000000058b4                _localeconv_r
 .text.setlocale
                0x00000000000058c0       0x18 /opt/intelFPGA/18.1/nios2eds/bin/gnu/H-x86_64-pc-linux-gnu/bin/../lib/gcc/nios2-elf/5.3.0/../../../../../H-x86_64-pc-linux-gnu/nios2-elf/lib/mhw-mulx/libc.a(lib_a-locale.o)
                0x00000000000058c0                setlocale
 .text.localeconv
                0x00000000000058d8        0xc /opt/intelFPGA/18.1/nios2eds/bin/gnu/H-x86_64-pc-linux-gnu/bin/../lib/gcc/nios2-elf/5.3.0/../../../../../H-x86_64-pc-linux-gnu/nios2-elf/lib/mhw-mulx/libc.a(lib_a-locale.o)
                0x00000000000058d8                localeconv
 .text          0x00000000000058e4        0x0 /opt/intelFPGA/18.1/nios2eds/bin/gnu/H-x86_64-pc-linux-gnu/bin/../lib/gcc/nios2-elf/5.3.0/../../../../../H-x86_64-pc-linux-gnu/nios2-elf/lib/mhw-mulx/libc.a(lib_a-mallocr.o)
 .text._malloc_r
                0x00000000000058e4      0x80c /opt/intelFPGA/18.1/nios2eds/bin/gnu/H-x86_64-pc-linux-gnu/bin/../lib/gcc/nios2-elf/5.3.0/../../../../../H-x86_64-pc-linux-gnu/nios2-elf/lib/mhw-mulx/libc.a(lib_a-mallocr.o)
                0x00000000000058e4                _malloc_r
 .text          0x00000000000060f0        0x0 /opt/intelFPGA/18.1/nios2eds/bin/gnu/H-x86_64-pc-linux-gnu/bin/../lib/gcc/nios2-elf/5.3.0/../../../../../H-x86_64-pc-linux-gnu/nios2-elf/lib/mhw-mulx/libc.a(lib_a-memchr.o)
 .text.memchr   0x00000000000060f0       0xe4 /opt/intelFPGA/18.1/nios2eds/bin/gnu/H-x86_64-pc-linux-gnu/bin/../lib/gcc/nios2-elf/5.3.0/../../../../../H-x86_64-pc-linux-gnu/nios2-elf/lib/mhw-mulx/libc.a(lib_a-memchr.o)
                0x00000000000060f0                memchr
 .text          0x00000000000061d4        0x0 /opt/intelFPGA/18.1/nios2eds/bin/gnu/H-x86_64-pc-linux-gnu/bin/../lib/gcc/nios2-elf/5.3.0/../../../../../H-x86_64-pc-linux-gnu/nios2-elf/lib/mhw-mulx/libc.a(lib_a-memcpy.o)
 .text.memcpy   0x00000000000061d4      0x148 /opt/intelFPGA/18.1/nios2eds/bin/gnu/H-x86_64-pc-linux-gnu/bin/../lib/gcc/nios2-elf/5.3.0/../../../../../H-x86_64-pc-linux-gnu/nios2-elf/lib/mhw-mulx/libc.a(lib_a-memcpy.o)
                0x00000000000061d4                memcpy
 .text          0x000000000000631c        0x0 /opt/intelFPGA/18.1/nios2eds/bin/gnu/H-x86_64-pc-linux-gnu/bin/../lib/gcc/nios2-elf/5.3.0/../../../../../H-x86_64-pc-linux-gnu/nios2-elf/lib/mhw-mulx/libc.a(lib_a-mprec.o)
 .text._Balloc  0x000000000000631c       0xa8 /opt/intelFPGA/18.1/nios2eds/bin/gnu/H-x86_64-pc-linux-gnu/bin/../lib/gcc/nios2-elf/5.3.0/../../../../../H-x86_64-pc-linux-gnu/nios2-elf/lib/mhw-mulx/libc.a(lib_a-mprec.o)
                0x000000000000631c                _Balloc
 .text._Bfree   0x00000000000063c4       0x28 /opt/intelFPGA/18.1/nios2eds/bin/gnu/H-x86_64-pc-linux-gnu/bin/../lib/gcc/nios2-elf/5.3.0/../../../../../H-x86_64-pc-linux-gnu/nios2-elf/lib/mhw-mulx/libc.a(lib_a-mprec.o)
                0x00000000000063c4                _Bfree
 .text.__multadd
                0x00000000000063ec      0x120 /opt/intelFPGA/18.1/nios2eds/bin/gnu/H-x86_64-pc-linux-gnu/bin/../lib/gcc/nios2-elf/5.3.0/../../../../../H-x86_64-pc-linux-gnu/nios2-elf/lib/mhw-mulx/libc.a(lib_a-mprec.o)
                0x00000000000063ec                __multadd
 .text.__s2b    0x000000000000650c      0x104 /opt/intelFPGA/18.1/nios2eds/bin/gnu/H-x86_64-pc-linux-gnu/bin/../lib/gcc/nios2-elf/5.3.0/../../../../../H-x86_64-pc-linux-gnu/nios2-elf/lib/mhw-mulx/libc.a(lib_a-mprec.o)
                0x000000000000650c                __s2b
 .text.__hi0bits
                0x0000000000006610       0x68 /opt/intelFPGA/18.1/nios2eds/bin/gnu/H-x86_64-pc-linux-gnu/bin/../lib/gcc/nios2-elf/5.3.0/../../../../../H-x86_64-pc-linux-gnu/nios2-elf/lib/mhw-mulx/libc.a(lib_a-mprec.o)
                0x0000000000006610                __hi0bits
 .text.__lo0bits
                0x0000000000006678       0xb0 /opt/intelFPGA/18.1/nios2eds/bin/gnu/H-x86_64-pc-linux-gnu/bin/../lib/gcc/nios2-elf/5.3.0/../../../../../H-x86_64-pc-linux-gnu/nios2-elf/lib/mhw-mulx/libc.a(lib_a-mprec.o)
                0x0000000000006678                __lo0bits
 .text.__i2b    0x0000000000006728       0x3c /opt/intelFPGA/18.1/nios2eds/bin/gnu/H-x86_64-pc-linux-gnu/bin/../lib/gcc/nios2-elf/5.3.0/../../../../../H-x86_64-pc-linux-gnu/nios2-elf/lib/mhw-mulx/libc.a(lib_a-mprec.o)
                0x0000000000006728                __i2b
 .text.__multiply
                0x0000000000006764      0x1f8 /opt/intelFPGA/18.1/nios2eds/bin/gnu/H-x86_64-pc-linux-gnu/bin/../lib/gcc/nios2-elf/5.3.0/../../../../../H-x86_64-pc-linux-gnu/nios2-elf/lib/mhw-mulx/libc.a(lib_a-mprec.o)
                0x0000000000006764                __multiply
 .text.__pow5mult
                0x000000000000695c      0x140 /opt/intelFPGA/18.1/nios2eds/bin/gnu/H-x86_64-pc-linux-gnu/bin/../lib/gcc/nios2-elf/5.3.0/../../../../../H-x86_64-pc-linux-gnu/nios2-elf/lib/mhw-mulx/libc.a(lib_a-mprec.o)
                0x000000000000695c                __pow5mult
 .text.__lshift
                0x0000000000006a9c      0x148 /opt/intelFPGA/18.1/nios2eds/bin/gnu/H-x86_64-pc-linux-gnu/bin/../lib/gcc/nios2-elf/5.3.0/../../../../../H-x86_64-pc-linux-gnu/nios2-elf/lib/mhw-mulx/libc.a(lib_a-mprec.o)
                0x0000000000006a9c                __lshift
 .text.__mcmp   0x0000000000006be4       0x60 /opt/intelFPGA/18.1/nios2eds/bin/gnu/H-x86_64-pc-linux-gnu/bin/../lib/gcc/nios2-elf/5.3.0/../../../../../H-x86_64-pc-linux-gnu/nios2-elf/lib/mhw-mulx/libc.a(lib_a-mprec.o)
                0x0000000000006be4                __mcmp
 .text.__mdiff  0x0000000000006c44      0x1fc /opt/intelFPGA/18.1/nios2eds/bin/gnu/H-x86_64-pc-linux-gnu/bin/../lib/gcc/nios2-elf/5.3.0/../../../../../H-x86_64-pc-linux-gnu/nios2-elf/lib/mhw-mulx/libc.a(lib_a-mprec.o)
                0x0000000000006c44                __mdiff
 .text.__ulp    0x0000000000006e40       0x64 /opt/intelFPGA/18.1/nios2eds/bin/gnu/H-x86_64-pc-linux-gnu/bin/../lib/gcc/nios2-elf/5.3.0/../../../../../H-x86_64-pc-linux-gnu/nios2-elf/lib/mhw-mulx/libc.a(lib_a-mprec.o)
                0x0000000000006e40                __ulp
 .text.__b2d    0x0000000000006ea4      0x10c /opt/intelFPGA/18.1/nios2eds/bin/gnu/H-x86_64-pc-linux-gnu/bin/../lib/gcc/nios2-elf/5.3.0/../../../../../H-x86_64-pc-linux-gnu/nios2-elf/lib/mhw-mulx/libc.a(lib_a-mprec.o)
                0x0000000000006ea4                __b2d
 .text.__d2b    0x0000000000006fb0      0x14c /opt/intelFPGA/18.1/nios2eds/bin/gnu/H-x86_64-pc-linux-gnu/bin/../lib/gcc/nios2-elf/5.3.0/../../../../../H-x86_64-pc-linux-gnu/nios2-elf/lib/mhw-mulx/libc.a(lib_a-mprec.o)
                0x0000000000006fb0                __d2b
 .text.__ratio  0x00000000000070fc       0xa4 /opt/intelFPGA/18.1/nios2eds/bin/gnu/H-x86_64-pc-linux-gnu/bin/../lib/gcc/nios2-elf/5.3.0/../../../../../H-x86_64-pc-linux-gnu/nios2-elf/lib/mhw-mulx/libc.a(lib_a-mprec.o)
                0x00000000000070fc                __ratio
 .text._mprec_log10
                0x00000000000071a0       0x74 /opt/intelFPGA/18.1/nios2eds/bin/gnu/H-x86_64-pc-linux-gnu/bin/../lib/gcc/nios2-elf/5.3.0/../../../../../H-x86_64-pc-linux-gnu/nios2-elf/lib/mhw-mulx/libc.a(lib_a-mprec.o)
                0x00000000000071a0                _mprec_log10
 .text.__copybits
                0x0000000000007214       0x78 /opt/intelFPGA/18.1/nios2eds/bin/gnu/H-x86_64-pc-linux-gnu/bin/../lib/gcc/nios2-elf/5.3.0/../../../../../H-x86_64-pc-linux-gnu/nios2-elf/lib/mhw-mulx/libc.a(lib_a-mprec.o)
                0x0000000000007214                __copybits
 .text.__any_on
                0x000000000000728c       0x8c /opt/intelFPGA/18.1/nios2eds/bin/gnu/H-x86_64-pc-linux-gnu/bin/../lib/gcc/nios2-elf/5.3.0/../../../../../H-x86_64-pc-linux-gnu/nios2-elf/lib/mhw-mulx/libc.a(lib_a-mprec.o)
                0x000000000000728c                __any_on
 .text          0x0000000000007318        0x0 /opt/intelFPGA/18.1/nios2eds/bin/gnu/H-x86_64-pc-linux-gnu/bin/../lib/gcc/nios2-elf/5.3.0/../../../../../H-x86_64-pc-linux-gnu/nios2-elf/lib/mhw-mulx/libc.a(lib_a-s_fpclassify.o)
 .text.__fpclassifyd
                0x0000000000007318       0x74 /opt/intelFPGA/18.1/nios2eds/bin/gnu/H-x86_64-pc-linux-gnu/bin/../lib/gcc/nios2-elf/5.3.0/../../../../../H-x86_64-pc-linux-gnu/nios2-elf/lib/mhw-mulx/libc.a(lib_a-s_fpclassify.o)
                0x0000000000007318                __fpclassifyd
 .text          0x000000000000738c        0x0 /opt/intelFPGA/18.1/nios2eds/bin/gnu/H-x86_64-pc-linux-gnu/bin/../lib/gcc/nios2-elf/5.3.0/../../../../../H-x86_64-pc-linux-gnu/nios2-elf/lib/mhw-mulx/libc.a(lib_a-sbrkr.o)
 .text._sbrk_r  0x000000000000738c       0x54 /opt/intelFPGA/18.1/nios2eds/bin/gnu/H-x86_64-pc-linux-gnu/bin/../lib/gcc/nios2-elf/5.3.0/../../../../../H-x86_64-pc-linux-gnu/nios2-elf/lib/mhw-mulx/libc.a(lib_a-sbrkr.o)
                0x000000000000738c                _sbrk_r
 .text          0x00000000000073e0        0x0 /opt/intelFPGA/18.1/nios2eds/bin/gnu/H-x86_64-pc-linux-gnu/bin/../lib/gcc/nios2-elf/5.3.0/../../../../../H-x86_64-pc-linux-gnu/nios2-elf/lib/mhw-mulx/libc.a(lib_a-strcmp.o)
 .text.strcmp   0x00000000000073e0       0xdc /opt/intelFPGA/18.1/nios2eds/bin/gnu/H-x86_64-pc-linux-gnu/bin/../lib/gcc/nios2-elf/5.3.0/../../../../../H-x86_64-pc-linux-gnu/nios2-elf/lib/mhw-mulx/libc.a(lib_a-strcmp.o)
                0x00000000000073e0                strcmp
 .text          0x00000000000074bc        0x0 /opt/intelFPGA/18.1/nios2eds/bin/gnu/H-x86_64-pc-linux-gnu/bin/../lib/gcc/nios2-elf/5.3.0/../../../../../H-x86_64-pc-linux-gnu/nios2-elf/lib/mhw-mulx/libc.a(lib_a-strlen.o)
 .text.strlen   0x00000000000074bc       0x98 /opt/intelFPGA/18.1/nios2eds/bin/gnu/H-x86_64-pc-linux-gnu/bin/../lib/gcc/nios2-elf/5.3.0/../../../../../H-x86_64-pc-linux-gnu/nios2-elf/lib/mhw-mulx/libc.a(lib_a-strlen.o)
                0x00000000000074bc                strlen
 .text          0x0000000000007554        0x0 /opt/intelFPGA/18.1/nios2eds/bin/gnu/H-x86_64-pc-linux-gnu/bin/../lib/gcc/nios2-elf/5.3.0/../../../../../H-x86_64-pc-linux-gnu/nios2-elf/lib/mhw-mulx/libc.a(lib_a-svfiprintf.o)
 .text.__ssprint_r
                0x0000000000007554      0x1d0 /opt/intelFPGA/18.1/nios2eds/bin/gnu/H-x86_64-pc-linux-gnu/bin/../lib/gcc/nios2-elf/5.3.0/../../../../../H-x86_64-pc-linux-gnu/nios2-elf/lib/mhw-mulx/libc.a(lib_a-svfiprintf.o)
                0x0000000000007554                __ssprint_r
 .text.___svfiprintf_internal_r
                0x0000000000007724     0x123c /opt/intelFPGA/18.1/nios2eds/bin/gnu/H-x86_64-pc-linux-gnu/bin/../lib/gcc/nios2-elf/5.3.0/../../../../../H-x86_64-pc-linux-gnu/nios2-elf/lib/mhw-mulx/libc.a(lib_a-svfiprintf.o)
                0x0000000000007724                ___svfiprintf_internal_r
 .text          0x0000000000008960        0x0 /opt/intelFPGA/18.1/nios2eds/bin/gnu/H-x86_64-pc-linux-gnu/bin/../lib/gcc/nios2-elf/5.3.0/../../../../../H-x86_64-pc-linux-gnu/nios2-elf/lib/mhw-mulx/libc.a(lib_a-callocr.o)
 .text._calloc_r
                0x0000000000008960       0xc4 /opt/intelFPGA/18.1/nios2eds/bin/gnu/H-x86_64-pc-linux-gnu/bin/../lib/gcc/nios2-elf/5.3.0/../../../../../H-x86_64-pc-linux-gnu/nios2-elf/lib/mhw-mulx/libc.a(lib_a-callocr.o)
                0x0000000000008960                _calloc_r
 .text          0x0000000000008a24        0x0 /opt/intelFPGA/18.1/nios2eds/bin/gnu/H-x86_64-pc-linux-gnu/bin/../lib/gcc/nios2-elf/5.3.0/../../../../../H-x86_64-pc-linux-gnu/nios2-elf/lib/mhw-mulx/libc.a(lib_a-freer.o)
 .text._malloc_trim_r
                0x0000000000008a24      0x124 /opt/intelFPGA/18.1/nios2eds/bin/gnu/H-x86_64-pc-linux-gnu/bin/../lib/gcc/nios2-elf/5.3.0/../../../../../H-x86_64-pc-linux-gnu/nios2-elf/lib/mhw-mulx/libc.a(lib_a-freer.o)
                0x0000000000008a24                _malloc_trim_r
 .text._free_r  0x0000000000008b48      0x310 /opt/intelFPGA/18.1/nios2eds/bin/gnu/H-x86_64-pc-linux-gnu/bin/../lib/gcc/nios2-elf/5.3.0/../../../../../H-x86_64-pc-linux-gnu/nios2-elf/lib/mhw-mulx/libc.a(lib_a-freer.o)
                0x0000000000008b48                _free_r
 .text          0x0000000000008e58        0x0 /opt/intelFPGA/18.1/nios2eds/bin/gnu/H-x86_64-pc-linux-gnu/bin/../lib/gcc/nios2-elf/5.3.0/../../../../../H-x86_64-pc-linux-gnu/nios2-elf/lib/mhw-mulx/libc.a(lib_a-int_errno.o)
 .text          0x0000000000008e58        0x0 /opt/intelFPGA/18.1/nios2eds/bin/gnu/H-x86_64-pc-linux-gnu/bin/../lib/gcc/nios2-elf/5.3.0/../../../../../H-x86_64-pc-linux-gnu/nios2-elf/lib/mhw-mulx/libc.a(lib_a-memmove.o)
 .text.memmove  0x0000000000008e58      0x15c /opt/intelFPGA/18.1/nios2eds/bin/gnu/H-x86_64-pc-linux-gnu/bin/../lib/gcc/nios2-elf/5.3.0/../../../../../H-x86_64-pc-linux-gnu/nios2-elf/lib/mhw-mulx/libc.a(lib_a-memmove.o)
                0x0000000000008e58                memmove
 .text          0x0000000000008fb4        0x0 /opt/intelFPGA/18.1/nios2eds/bin/gnu/H-x86_64-pc-linux-gnu/bin/../lib/gcc/nios2-elf/5.3.0/../../../../../H-x86_64-pc-linux-gnu/nios2-elf/lib/mhw-mulx/libc.a(lib_a-memset.o)
 .text.memset   0x0000000000008fb4      0x128 /opt/intelFPGA/18.1/nios2eds/bin/gnu/H-x86_64-pc-linux-gnu/bin/../lib/gcc/nios2-elf/5.3.0/../../../../../H-x86_64-pc-linux-gnu/nios2-elf/lib/mhw-mulx/libc.a(lib_a-memset.o)
                0x0000000000008fb4                memset
 .text          0x00000000000090dc        0x0 /opt/intelFPGA/18.1/nios2eds/bin/gnu/H-x86_64-pc-linux-gnu/bin/../lib/gcc/nios2-elf/5.3.0/../../../../../H-x86_64-pc-linux-gnu/nios2-elf/lib/mhw-mulx/libc.a(lib_a-reallocr.o)
 .text._realloc_r
                0x00000000000090dc      0x564 /opt/intelFPGA/18.1/nios2eds/bin/gnu/H-x86_64-pc-linux-gnu/bin/../lib/gcc/nios2-elf/5.3.0/../../../../../H-x86_64-pc-linux-gnu/nios2-elf/lib/mhw-mulx/libc.a(lib_a-reallocr.o)
                0x00000000000090dc                _realloc_r
 .text          0x0000000000009640      0x578 /opt/intelFPGA/18.1/nios2eds/bin/gnu/H-x86_64-pc-linux-gnu/bin/../lib/gcc/nios2-elf/5.3.0/mhw-mulx/libgcc.a(_udivdi3.o)
                0x0000000000009640                __udivdi3
 .text          0x0000000000009bb8      0x538 /opt/intelFPGA/18.1/nios2eds/bin/gnu/H-x86_64-pc-linux-gnu/bin/../lib/gcc/nios2-elf/5.3.0/mhw-mulx/libgcc.a(_umoddi3.o)
                0x0000000000009bb8                __umoddi3
 .text          0x000000000000a0f0      0x1b4 /opt/intelFPGA/18.1/nios2eds/bin/gnu/H-x86_64-pc-linux-gnu/bin/../lib/gcc/nios2-elf/5.3.0/mhw-mulx/libgcc.a(lib2-divmod.o)
                0x000000000000a0f0                __divsi3
                0x000000000000a174                __modsi3
                0x000000000000a1e8                __udivsi3
                0x000000000000a24c                __umodsi3
 .text          0x000000000000a2a4      0x8ac /opt/intelFPGA/18.1/nios2eds/bin/gnu/H-x86_64-pc-linux-gnu/bin/../lib/gcc/nios2-elf/5.3.0/mhw-mulx/libgcc.a(adddf3.o)
                0x000000000000a2a4                __adddf3
 .text          0x000000000000ab50      0x8e8 /opt/intelFPGA/18.1/nios2eds/bin/gnu/H-x86_64-pc-linux-gnu/bin/../lib/gcc/nios2-elf/5.3.0/mhw-mulx/libgcc.a(divdf3.o)
                0x000000000000ab50                __divdf3
 .text          0x000000000000b438       0x88 /opt/intelFPGA/18.1/nios2eds/bin/gnu/H-x86_64-pc-linux-gnu/bin/../lib/gcc/nios2-elf/5.3.0/mhw-mulx/libgcc.a(eqdf2.o)
                0x000000000000b438                __eqdf2
                0x000000000000b438                __nedf2
 .text          0x000000000000b4c0       0xdc /opt/intelFPGA/18.1/nios2eds/bin/gnu/H-x86_64-pc-linux-gnu/bin/../lib/gcc/nios2-elf/5.3.0/mhw-mulx/libgcc.a(gedf2.o)
                0x000000000000b4c0                __gtdf2
                0x000000000000b4c0                __gedf2
 .text          0x000000000000b59c       0xf4 /opt/intelFPGA/18.1/nios2eds/bin/gnu/H-x86_64-pc-linux-gnu/bin/../lib/gcc/nios2-elf/5.3.0/mhw-mulx/libgcc.a(ledf2.o)
                0x000000000000b59c                __ltdf2
                0x000000000000b59c                __ledf2
 .text          0x000000000000b690      0x718 /opt/intelFPGA/18.1/nios2eds/bin/gnu/H-x86_64-pc-linux-gnu/bin/../lib/gcc/nios2-elf/5.3.0/mhw-mulx/libgcc.a(muldf3.o)
                0x000000000000b690                __muldf3
 .text          0x000000000000bda8      0x8fc /opt/intelFPGA/18.1/nios2eds/bin/gnu/H-x86_64-pc-linux-gnu/bin/../lib/gcc/nios2-elf/5.3.0/mhw-mulx/libgcc.a(subdf3.o)
                0x000000000000bda8                __subdf3
 .text          0x000000000000c6a4       0x80 /opt/intelFPGA/18.1/nios2eds/bin/gnu/H-x86_64-pc-linux-gnu/bin/../lib/gcc/nios2-elf/5.3.0/mhw-mulx/libgcc.a(fixdfsi.o)
                0x000000000000c6a4                __fixdfsi
 .text          0x000000000000c724       0xdc /opt/intelFPGA/18.1/nios2eds/bin/gnu/H-x86_64-pc-linux-gnu/bin/../lib/gcc/nios2-elf/5.3.0/mhw-mulx/libgcc.a(floatsidf.o)
                0x000000000000c724                __floatsidf
 .text          0x000000000000c800       0xa8 /opt/intelFPGA/18.1/nios2eds/bin/gnu/H-x86_64-pc-linux-gnu/bin/../lib/gcc/nios2-elf/5.3.0/mhw-mulx/libgcc.a(floatunsidf.o)
                0x000000000000c800                __floatunsidf
 .text          0x000000000000c8a8        0x0 /opt/intelFPGA/18.1/nios2eds/bin/gnu/H-x86_64-pc-linux-gnu/bin/../lib/gcc/nios2-elf/5.3.0/mhw-mulx/libgcc.a(_clz.o)
 .text          0x000000000000c8a8       0x64 /opt/intelFPGA/18.1/nios2eds/bin/gnu/H-x86_64-pc-linux-gnu/bin/../lib/gcc/nios2-elf/5.3.0/mhw-mulx/libgcc.a(_clzsi2.o)
                0x000000000000c8a8                __clzsi2
 .text          0x000000000000c90c       0xec ../flight_control_bsp//libucosii_bsp.a(alt_load.o)
                0x000000000000c974                alt_load
 .text          0x000000000000c9f8       0xbc ../flight_control_bsp//libucosii_bsp.a(alt_main.o)
                0x000000000000c9f8                alt_main
 .text          0x000000000000cab4       0xb0 ../flight_control_bsp//libucosii_bsp.a(alt_sbrk.o)
                0x000000000000cab4                sbrk
 .text          0x000000000000cb64      0x124 ../flight_control_bsp//libucosii_bsp.a(alt_env_lock.o)
                0x000000000000cb64                __env_lock
                0x000000000000cc28                __env_unlock
 .text          0x000000000000cc88      0x1ec ../flight_control_bsp//libucosii_bsp.a(alt_malloc_lock.o)
                0x000000000000cc88                __malloc_lock
                0x000000000000cda8                __malloc_unlock
 .text          0x000000000000ce74     0x2028 ../flight_control_bsp//libucosii_bsp.a(os_core.o)
                0x000000000000ce74                OSEventNameGet
                0x000000000000cf94                OSEventNameSet
                0x000000000000d0d4                OSEventPendMulti
                0x000000000000d6e4                OSInit
                0x000000000000d740                OSIntEnter
                0x000000000000d78c                OSIntExit
                0x000000000000d884                OSSchedLock
                0x000000000000d910                OSSchedUnlock
                0x000000000000d9ec                OSStart
                0x000000000000da5c                OSStatInit
                0x000000000000db0c                OSTimeTick
                0x000000000000dd2c                OSVersion
                0x000000000000dd4c                OS_Dummy
                0x000000000000dd6c                OS_EventTaskRdy
                0x000000000000df04                OS_EventTaskWait
                0x000000000000e014                OS_EventTaskWaitMulti
                0x000000000000e164                OS_EventTaskRemove
                0x000000000000e21c                OS_EventTaskRemoveMulti
                0x000000000000e31c                OS_EventWaitListInit
                0x000000000000e6fc                OS_MemClr
                0x000000000000e750                OS_MemCopy
                0x000000000000e7b8                OS_Sched
                0x000000000000e8fc                OS_StrCopy
                0x000000000000e970                OS_StrLen
                0x000000000000e9c4                OS_TaskIdle
                0x000000000000ea20                OS_TaskStat
                0x000000000000eafc                OS_TaskStatStkChk
                0x000000000000ebc8                OS_TCBInit
 .text          0x000000000000ee9c      0x1f0 ../flight_control_bsp//libucosii_bsp.a(os_dbg.o)
                0x000000000000ee9c                OSDebugInit
 .text          0x000000000000f08c     0x1714 ../flight_control_bsp//libucosii_bsp.a(os_flag.o)
                0x000000000000f08c                OSFlagAccept
                0x000000000000f394                OSFlagCreate
                0x000000000000f49c                OSFlagDel
                0x000000000000f6e4                OSFlagNameGet
                0x000000000000f80c                OSFlagNameSet
                0x000000000000f958                OSFlagPend
                0x000000000000ff10                OSFlagPendGetFlagsRdy
                0x000000000000ff70                OSFlagPost
                0x0000000000010304                OSFlagQuery
                0x0000000000010528                OS_FlagInit
                0x00000000000106fc                OS_FlagUnlink
 .text          0x00000000000107a0      0xac8 ../flight_control_bsp//libucosii_bsp.a(os_mbox.o)
                0x00000000000107a0                OSMboxAccept
                0x0000000000010838                OSMboxCreate
                0x000000000001090c                OSMboxDel
                0x0000000000010b4c                OSMboxPend
                0x0000000000010d80                OSMboxPendAbort
                0x0000000000010eec                OSMboxPost
                0x0000000000010ffc                OSMboxPostOpt
                0x0000000000011158                OSMboxQuery
 .text          0x0000000000011268      0x754 ../flight_control_bsp//libucosii_bsp.a(os_mem.o)
                0x0000000000011268                OSMemCreate
                0x000000000001143c                OSMemGet
                0x000000000001152c                OSMemNameGet
                0x000000000001161c                OSMemNameSet
                0x0000000000011730                OSMemPut
                0x0000000000011808                OSMemQuery
                0x00000000000118f0                OS_MemInit
 .text          0x00000000000119bc     0x1104 ../flight_control_bsp//libucosii_bsp.a(os_q.o)
                0x00000000000119bc                OSQAccept
                0x0000000000011afc                OSQCreate
                0x0000000000011ca8                OSQDel
                0x0000000000011f28                OSQFlush
                0x0000000000011fe0                OSQPend
                0x000000000001226c                OSQPendAbort
                0x00000000000123d8                OSQPost
                0x0000000000012540                OSQPostFront
                0x00000000000126b0                OSQPostOpt
                0x00000000000128bc                OSQQuery
                0x0000000000012a18                OS_QInit
 .text          0x0000000000012ac0      0xa60 ../flight_control_bsp//libucosii_bsp.a(os_sem.o)
                0x0000000000012ac0                OSSemAccept
                0x0000000000012b70                OSSemCreate
                0x0000000000012c48                OSSemDel
                0x0000000000012e88                OSSemPend
                0x0000000000013094                OSSemPendAbort
                0x0000000000013200                OSSemPost
                0x0000000000013310                OSSemQuery
                0x0000000000013420                OSSemSet
 .text          0x0000000000013520     0x176c ../flight_control_bsp//libucosii_bsp.a(os_task.o)
                0x0000000000013520                OSTaskChangePrio
                0x0000000000013a10                OSTaskCreate
                0x0000000000013bbc                OSTaskCreateExt
                0x0000000000013da0                OSTaskDel
                0x00000000000140e4                OSTaskDelReq
                0x0000000000014234                OSTaskNameGet
                0x00000000000143cc                OSTaskNameSet
                0x0000000000014580                OSTaskResume
                0x0000000000014754                OSTaskStkChk
                0x0000000000014914                OSTaskSuspend
                0x0000000000014af8                OSTaskQuery
                0x0000000000014c1c                OS_TaskStkClr
 .text          0x0000000000014c8c      0x4f4 ../flight_control_bsp//libucosii_bsp.a(os_time.o)
                0x0000000000014c8c                OSTimeDly
                0x0000000000014d90                OSTimeDlyHMSM
                0x0000000000014ef0                OSTimeDlyResume
                0x00000000000150c4                OSTimeGet
                0x0000000000015120                OSTimeSet
 .text          0x0000000000015180     0x10c0 ../flight_control_bsp//libucosii_bsp.a(os_tmr.o)
                0x0000000000015180                OSTmrCreate
                0x000000000001533c                OSTmrDel
                0x0000000000015474                OSTmrNameGet
                0x00000000000155ac                OSTmrRemainGet
                0x000000000001575c                OSTmrStateGet
                0x0000000000015840                OSTmrStart
                0x0000000000015980                OSTmrStop
                0x0000000000015b60                OSTmrSignal
                0x0000000000015ca0                OSTmr_Init
 .text          0x0000000000016240      0x9d8 ../flight_control_bsp//libucosii_bsp.a(alt_sys_init.o)
                0x0000000000016274                alt_irq_init
                0x00000000000162ac                alt_sys_init
 .text          0x0000000000016c18      0x164 ../flight_control_bsp//libucosii_bsp.a(altera_avalon_jtag_uart_fd.o)
                0x0000000000016c18                altera_avalon_jtag_uart_read_fd
                0x0000000000016c78                altera_avalon_jtag_uart_write_fd
                0x0000000000016cd8                altera_avalon_jtag_uart_close_fd
                0x0000000000016d28                altera_avalon_jtag_uart_ioctl_fd
 .text          0x0000000000016d7c      0x550 ../flight_control_bsp//libucosii_bsp.a(altera_avalon_jtag_uart_init.o)
                0x0000000000016d7c                altera_avalon_jtag_uart_init
                0x0000000000017264                altera_avalon_jtag_uart_close
 .text          0x00000000000172cc       0xf0 ../flight_control_bsp//libucosii_bsp.a(altera_avalon_jtag_uart_ioctl.o)
                0x00000000000172cc                altera_avalon_jtag_uart_ioctl
 .text          0x00000000000173bc      0x2bc ../flight_control_bsp//libucosii_bsp.a(altera_avalon_jtag_uart_read.o)
                0x00000000000173bc                altera_avalon_jtag_uart_read
 .text          0x0000000000017678      0x2c4 ../flight_control_bsp//libucosii_bsp.a(altera_avalon_jtag_uart_write.o)
                0x0000000000017678                altera_avalon_jtag_uart_write
 .text          0x000000000001793c       0xf0 ../flight_control_bsp//libucosii_bsp.a(altera_avalon_timer_sc.o)
                0x00000000000179b8                alt_avalon_timer_sc_init
 .text          0x0000000000017a2c      0x4f4 ../flight_control_bsp//libucosii_bsp.a(altera_up_avalon_character_lcd.o)
                0x0000000000017a2c                get_DDRAM_addr
                0x0000000000017aa0                alt_up_character_lcd_send_cmd
                0x0000000000017ae0                alt_up_character_lcd_init
                0x0000000000017b18                alt_up_character_lcd_open_dev
                0x0000000000017b54                alt_up_character_lcd_write
                0x0000000000017bd0                alt_up_character_lcd_string
                0x0000000000017c48                alt_up_character_lcd_write_fd
                0x0000000000017c98                alt_up_character_lcd_set_cursor_pos
                0x0000000000017d0c                alt_up_character_lcd_shift_cursor
                0x0000000000017d98                alt_up_character_lcd_shift_display
                0x0000000000017e24                alt_up_character_lcd_erase_pos
                0x0000000000017eb0                alt_up_character_lcd_cursor_off
                0x0000000000017ee8                alt_up_character_lcd_cursor_blink_on
 .text          0x0000000000017f20      0x38c ../flight_control_bsp//libucosii_bsp.a(altera_up_avalon_irda.o)
                0x0000000000017f20                alt_up_irda_enable_read_interrupt
                0x0000000000017f7c                alt_up_irda_disable_read_interrupt
                0x0000000000017fdc                alt_up_irda_get_used_space_in_read_FIFO
                0x000000000001801c                alt_up_irda_get_available_space_in_write_FIFO
                0x0000000000018058                alt_up_irda_check_parity
                0x000000000001809c                alt_up_irda_write_data
                0x00000000000180dc                alt_up_irda_read_data
                0x0000000000018150                alt_up_irda_read_fd
                0x00000000000181e0                alt_up_irda_write_fd
                0x0000000000018270                alt_up_irda_open_dev
 .text          0x00000000000182ac      0x6b0 ../flight_control_bsp//libucosii_bsp.a(altera_up_avalon_ps2.o)
                0x00000000000182ac                read_RI_bit
                0x00000000000182e0                read_RE_bit
                0x0000000000018310                read_CE_bit
                0x0000000000018344                read_num_bytes_available
                0x0000000000018374                read_data_valid
                0x00000000000183a8                read_data_byte
                0x00000000000183d4                alt_up_ps2_init
                0x000000000001849c                alt_up_ps2_enable_read_interrupt
                0x00000000000184f8                alt_up_ps2_disable_read_interrupt
                0x0000000000018558                alt_up_ps2_write_data_byte
                0x00000000000185cc                alt_up_ps2_wait_for_ack
                0x0000000000018634                alt_up_ps2_write_data_byte_with_ack
                0x0000000000018698                alt_up_ps2_read_data_byte_timeout
                0x0000000000018734                alt_up_ps2_read_data_byte
                0x00000000000187a4                alt_up_ps2_clear_fifo
                0x00000000000187fc                alt_up_ps2_read_fd
                0x0000000000018888                alt_up_ps2_write_fd
                0x0000000000018920                alt_up_ps2_open_dev
 .text          0x000000000001895c      0x390 ../flight_control_bsp//libucosii_bsp.a(altera_up_avalon_rs232.o)
                0x000000000001895c                alt_up_rs232_enable_read_interrupt
                0x00000000000189b8                alt_up_rs232_disable_read_interrupt
                0x0000000000018a18                alt_up_rs232_get_used_space_in_read_FIFO
                0x0000000000018a58                alt_up_rs232_get_available_space_in_write_FIFO
                0x0000000000018a94                alt_up_rs232_check_parity
                0x0000000000018ad8                alt_up_rs232_write_data
                0x0000000000018b18                alt_up_rs232_read_data
                0x0000000000018b8c                alt_up_rs232_read_fd
                0x0000000000018c1c                alt_up_rs232_write_fd
                0x0000000000018cb0                alt_up_rs232_open_dev
 .text          0x0000000000018cec      0x12c ../flight_control_bsp//libucosii_bsp.a(alt_alarm_start.o)
                0x0000000000018cec                alt_alarm_start
 .text          0x0000000000018e18      0x10c ../flight_control_bsp//libucosii_bsp.a(alt_close.o)
                0x0000000000018e54                close
 .text          0x0000000000018f24       0x20 ../flight_control_bsp//libucosii_bsp.a(alt_dcache_flush_all.o)
                0x0000000000018f24                alt_dcache_flush_all
 .text          0x0000000000018f44       0x2c ../flight_control_bsp//libucosii_bsp.a(alt_dev.o)
 .text          0x0000000000018f70       0xe0 ../flight_control_bsp//libucosii_bsp.a(alt_dev_llist_insert.o)
                0x0000000000018fac                alt_dev_llist_insert
 .text          0x0000000000019050       0x60 ../flight_control_bsp//libucosii_bsp.a(alt_do_ctors.o)
                0x0000000000019050                _do_ctors
 .text          0x00000000000190b0       0x60 ../flight_control_bsp//libucosii_bsp.a(alt_do_dtors.o)
                0x00000000000190b0                _do_dtors
 .text          0x0000000000019110        0x0 ../flight_control_bsp//libucosii_bsp.a(alt_errno.o)
 .text          0x0000000000019110       0x90 ../flight_control_bsp//libucosii_bsp.a(alt_find_dev.o)
                0x0000000000019110                alt_find_dev
 .text          0x00000000000191a0       0x34 ../flight_control_bsp//libucosii_bsp.a(alt_icache_flush_all.o)
                0x00000000000191a0                alt_icache_flush_all
 .text          0x00000000000191d4      0x140 ../flight_control_bsp//libucosii_bsp.a(alt_io_redirect.o)
                0x0000000000019298                alt_io_redirect
 .text          0x0000000000019314      0x180 ../flight_control_bsp//libucosii_bsp.a(alt_irq_register.o)
                0x0000000000019314                alt_irq_register
 .text          0x0000000000019494        0x0 ../flight_control_bsp//libucosii_bsp.a(alt_irq_vars.o)
 .text          0x0000000000019494      0x254 ../flight_control_bsp//libucosii_bsp.a(alt_open.o)
                0x0000000000019594                open
 .text          0x00000000000196e8       0x64 ../flight_control_bsp//libucosii_bsp.a(alt_release_fd.o)
                0x00000000000196e8                alt_release_fd
 .text          0x000000000001974c      0x1a4 ../flight_control_bsp//libucosii_bsp.a(alt_tick.o)
                0x000000000001974c                alt_alarm_stop
                0x00000000000197e8                alt_tick
 .text          0x00000000000198f0       0x24 ../flight_control_bsp//libucosii_bsp.a(altera_nios2_gen2_irq.o)
                0x00000000000198f0                altera_nios2_gen2_irq_init
 .text          0x0000000000019914       0xd0 ../flight_control_bsp//libucosii_bsp.a(os_cpu_a.o)
                0x0000000000019914                OSCtxSw
                0x0000000000019914                OSIntCtxSw
                0x00000000000199a0                OSStartHighRdy
                0x00000000000199c0                OSStartTsk
 .text          0x00000000000199e4      0x2b8 ../flight_control_bsp//libucosii_bsp.a(os_cpu_c.o)
                0x00000000000199e4                OSTaskStkInit
                0x0000000000019b40                OSTaskCreateHook
                0x0000000000019b64                OSTaskDelHook
                0x0000000000019b88                OSTaskSwHook
                0x0000000000019ba8                OSTaskStatHook
                0x0000000000019bc8                OSTimeTickHook
                0x0000000000019c14                OSInitHookBegin
                0x0000000000019c38                OSInitHookEnd
                0x0000000000019c58                OSTaskIdleHook
                0x0000000000019c78                OSTCBInitHook
 .text          0x0000000000019c9c      0x108 ../flight_control_bsp//libucosii_bsp.a(alt_find_file.o)
                0x0000000000019c9c                alt_find_file
 .text          0x0000000000019da4       0xdc ../flight_control_bsp//libucosii_bsp.a(alt_get_fd.o)
                0x0000000000019da4                alt_get_fd
 .text          0x0000000000019e80       0x90 ../flight_control_bsp//libucosii_bsp.a(alt_icache_flush.o)
                0x0000000000019e80                alt_icache_flush
 .text          0x0000000000019f10        0x0 ../flight_control_bsp//libucosii_bsp.a(alt_irq_entry.o)
 .text          0x0000000000019f10        0x0 ../flight_control_bsp//libucosii_bsp.a(alt_irq_handler.o)
 .text          0x0000000000019f10        0x0 ../flight_control_bsp//libucosii_bsp.a(alt_exception_entry.o)
 .text          0x0000000000019f10       0x9c ../flight_control_bsp//libucosii_bsp.a(alt_instruction_exception_entry.o)
                0x0000000000019f10                alt_exception_cause_generated_bad_addr
 .text          0x0000000000019fac        0x0 /opt/intelFPGA/18.1/nios2eds/bin/gnu/H-x86_64-pc-linux-gnu/bin/../lib/gcc/nios2-elf/5.3.0/../../../../../H-x86_64-pc-linux-gnu/nios2-elf/lib/mhw-mulx/libc.a(lib_a-atexit.o)
 .text.atexit   0x0000000000019fac       0x14 /opt/intelFPGA/18.1/nios2eds/bin/gnu/H-x86_64-pc-linux-gnu/bin/../lib/gcc/nios2-elf/5.3.0/../../../../../H-x86_64-pc-linux-gnu/nios2-elf/lib/mhw-mulx/libc.a(lib_a-atexit.o)
                0x0000000000019fac                atexit
 .text          0x0000000000019fc0        0x0 /opt/intelFPGA/18.1/nios2eds/bin/gnu/H-x86_64-pc-linux-gnu/bin/../lib/gcc/nios2-elf/5.3.0/../../../../../H-x86_64-pc-linux-gnu/nios2-elf/lib/mhw-mulx/libc.a(lib_a-exit.o)
 .text.exit     0x0000000000019fc0       0x38 /opt/intelFPGA/18.1/nios2eds/bin/gnu/H-x86_64-pc-linux-gnu/bin/../lib/gcc/nios2-elf/5.3.0/../../../../../H-x86_64-pc-linux-gnu/nios2-elf/lib/mhw-mulx/libc.a(lib_a-exit.o)
                0x0000000000019fc0                exit
 .text          0x0000000000019ff8        0x0 /opt/intelFPGA/18.1/nios2eds/bin/gnu/H-x86_64-pc-linux-gnu/bin/../lib/gcc/nios2-elf/5.3.0/../../../../../H-x86_64-pc-linux-gnu/nios2-elf/lib/mhw-mulx/libc.a(lib_a-memcmp.o)
 .text.memcmp   0x0000000000019ff8       0x7c /opt/intelFPGA/18.1/nios2eds/bin/gnu/H-x86_64-pc-linux-gnu/bin/../lib/gcc/nios2-elf/5.3.0/../../../../../H-x86_64-pc-linux-gnu/nios2-elf/lib/mhw-mulx/libc.a(lib_a-memcmp.o)
                0x0000000000019ff8                memcmp
 .text          0x000000000001a074        0x0 /opt/intelFPGA/18.1/nios2eds/bin/gnu/H-x86_64-pc-linux-gnu/bin/../lib/gcc/nios2-elf/5.3.0/../../../../../H-x86_64-pc-linux-gnu/nios2-elf/lib/mhw-mulx/libc.a(lib_a-__atexit.o)
 .text.__register_exitproc
                0x000000000001a074      0x118 /opt/intelFPGA/18.1/nios2eds/bin/gnu/H-x86_64-pc-linux-gnu/bin/../lib/gcc/nios2-elf/5.3.0/../../../../../H-x86_64-pc-linux-gnu/nios2-elf/lib/mhw-mulx/libc.a(lib_a-__atexit.o)
                0x000000000001a074                __register_exitproc
 .text          0x000000000001a18c        0x0 /opt/intelFPGA/18.1/nios2eds/bin/gnu/H-x86_64-pc-linux-gnu/bin/../lib/gcc/nios2-elf/5.3.0/../../../../../H-x86_64-pc-linux-gnu/nios2-elf/lib/mhw-mulx/libc.a(lib_a-__call_atexit.o)
 .text.__call_exitprocs
                0x000000000001a18c      0x180 /opt/intelFPGA/18.1/nios2eds/bin/gnu/H-x86_64-pc-linux-gnu/bin/../lib/gcc/nios2-elf/5.3.0/../../../../../H-x86_64-pc-linux-gnu/nios2-elf/lib/mhw-mulx/libc.a(lib_a-__call_atexit.o)
                0x000000000001a18c                __call_exitprocs
 .text          0x000000000001a30c       0x34 ../flight_control_bsp//libucosii_bsp.a(alt_exit.o)
                0x000000000001a30c                _exit
 *(.gnu.warning.*)
 *(.fini)
                [!provide]                        PROVIDE (__etext, ABSOLUTE (.))
                [!provide]                        PROVIDE (_etext, ABSOLUTE (.))
                [!provide]                        PROVIDE (etext, ABSOLUTE (.))
 *(.eh_frame_hdr)
                0x000000000001a340                . = ALIGN (0x4)
                [!provide]                        PROVIDE (__preinit_array_start, ABSOLUTE (.))
 *(.preinit_array)
                [!provide]                        PROVIDE (__preinit_array_end, ABSOLUTE (.))
                [!provide]                        PROVIDE (__init_array_start, ABSOLUTE (.))
 *(.init_array)
                [!provide]                        PROVIDE (__init_array_end, ABSOLUTE (.))
                [!provide]                        PROVIDE (__fini_array_start, ABSOLUTE (.))
 *(.fini_array)
                [!provide]                        PROVIDE (__fini_array_end, ABSOLUTE (.))
 *(.eh_frame)
 *(.gcc_except_table .gcc_except_table.*)
 *(.dynamic)
                0x000000000001a340                PROVIDE (__CTOR_LIST__, ABSOLUTE (.))
 *(.ctors)
 *(SORT(.ctors.*))
                0x000000000001a340                PROVIDE (__CTOR_END__, ABSOLUTE (.))
                0x000000000001a340                PROVIDE (__DTOR_LIST__, ABSOLUTE (.))
 *(.dtors)
 *(SORT(.dtors.*))
                0x000000000001a340                PROVIDE (__DTOR_END__, ABSOLUTE (.))
 *(.jcr)
                0x000000000001a340                . = ALIGN (0x4)

.rodata         0x000000000001a340      0x980
                0x000000000001a340                PROVIDE (__ram_rodata_start, ABSOLUTE (.))
                0x000000000001a340                . = ALIGN (0x4)
 *(.rodata .rodata.* .gnu.linkonce.r.*)
 .rodata        0x000000000001a340      0x3e2 obj/default/flight_control.o
 *fill*         0x000000000001a722        0x2 
 .rodata.str1.4
                0x000000000001a724       0x42 /opt/intelFPGA/18.1/nios2eds/bin/gnu/H-x86_64-pc-linux-gnu/bin/../lib/gcc/nios2-elf/5.3.0/../../../../../H-x86_64-pc-linux-gnu/nios2-elf/lib/mhw-mulx/libc.a(lib_a-svfprintf.o)
 .rodata.zeroes.4389
                0x000000000001a766       0x10 /opt/intelFPGA/18.1/nios2eds/bin/gnu/H-x86_64-pc-linux-gnu/bin/../lib/gcc/nios2-elf/5.3.0/../../../../../H-x86_64-pc-linux-gnu/nios2-elf/lib/mhw-mulx/libc.a(lib_a-svfprintf.o)
 .rodata.blanks.4388
                0x000000000001a776       0x10 /opt/intelFPGA/18.1/nios2eds/bin/gnu/H-x86_64-pc-linux-gnu/bin/../lib/gcc/nios2-elf/5.3.0/../../../../../H-x86_64-pc-linux-gnu/nios2-elf/lib/mhw-mulx/libc.a(lib_a-svfprintf.o)
 *fill*         0x000000000001a786        0x2 
 .rodata.str1.4
                0x000000000001a788       0x10 /opt/intelFPGA/18.1/nios2eds/bin/gnu/H-x86_64-pc-linux-gnu/bin/../lib/gcc/nios2-elf/5.3.0/../../../../../H-x86_64-pc-linux-gnu/nios2-elf/lib/mhw-mulx/libc.a(lib_a-dtoa.o)
                                         0x12 (size before relaxing)
 .rodata.str1.4
                0x000000000001a798        0x2 /opt/intelFPGA/18.1/nios2eds/bin/gnu/H-x86_64-pc-linux-gnu/bin/../lib/gcc/nios2-elf/5.3.0/../../../../../H-x86_64-pc-linux-gnu/nios2-elf/lib/mhw-mulx/libc.a(lib_a-impure.o)
 *fill*         0x000000000001a79a        0x2 
 .rodata.str1.4
                0x000000000001a79c        0xc /opt/intelFPGA/18.1/nios2eds/bin/gnu/H-x86_64-pc-linux-gnu/bin/../lib/gcc/nios2-elf/5.3.0/../../../../../H-x86_64-pc-linux-gnu/nios2-elf/lib/mhw-mulx/libc.a(lib_a-locale.o)
                                         0x12 (size before relaxing)
 .rodata.p05.2768
                0x000000000001a7a8        0xc /opt/intelFPGA/18.1/nios2eds/bin/gnu/H-x86_64-pc-linux-gnu/bin/../lib/gcc/nios2-elf/5.3.0/../../../../../H-x86_64-pc-linux-gnu/nios2-elf/lib/mhw-mulx/libc.a(lib_a-mprec.o)
 .rodata.__mprec_tinytens
                0x000000000001a7b4       0x28 /opt/intelFPGA/18.1/nios2eds/bin/gnu/H-x86_64-pc-linux-gnu/bin/../lib/gcc/nios2-elf/5.3.0/../../../../../H-x86_64-pc-linux-gnu/nios2-elf/lib/mhw-mulx/libc.a(lib_a-mprec.o)
                0x000000000001a7b4                __mprec_tinytens
 .rodata.__mprec_bigtens
                0x000000000001a7dc       0x28 /opt/intelFPGA/18.1/nios2eds/bin/gnu/H-x86_64-pc-linux-gnu/bin/../lib/gcc/nios2-elf/5.3.0/../../../../../H-x86_64-pc-linux-gnu/nios2-elf/lib/mhw-mulx/libc.a(lib_a-mprec.o)
                0x000000000001a7dc                __mprec_bigtens
 .rodata.__mprec_tens
                0x000000000001a804       0xc8 /opt/intelFPGA/18.1/nios2eds/bin/gnu/H-x86_64-pc-linux-gnu/bin/../lib/gcc/nios2-elf/5.3.0/../../../../../H-x86_64-pc-linux-gnu/nios2-elf/lib/mhw-mulx/libc.a(lib_a-mprec.o)
                0x000000000001a804                __mprec_tens
 .rodata.str1.4
                0x000000000001a8cc       0x2f /opt/intelFPGA/18.1/nios2eds/bin/gnu/H-x86_64-pc-linux-gnu/bin/../lib/gcc/nios2-elf/5.3.0/../../../../../H-x86_64-pc-linux-gnu/nios2-elf/lib/mhw-mulx/libc.a(lib_a-svfiprintf.o)
 .rodata.zeroes.4333
                0x000000000001a8cc       0x10 /opt/intelFPGA/18.1/nios2eds/bin/gnu/H-x86_64-pc-linux-gnu/bin/../lib/gcc/nios2-elf/5.3.0/../../../../../H-x86_64-pc-linux-gnu/nios2-elf/lib/mhw-mulx/libc.a(lib_a-svfiprintf.o)
 .rodata.blanks.4332
                0x000000000001a8dc       0x10 /opt/intelFPGA/18.1/nios2eds/bin/gnu/H-x86_64-pc-linux-gnu/bin/../lib/gcc/nios2-elf/5.3.0/../../../../../H-x86_64-pc-linux-gnu/nios2-elf/lib/mhw-mulx/libc.a(lib_a-svfiprintf.o)
 .rodata        0x000000000001a8ec      0x100 /opt/intelFPGA/18.1/nios2eds/bin/gnu/H-x86_64-pc-linux-gnu/bin/../lib/gcc/nios2-elf/5.3.0/mhw-mulx/libgcc.a(_clz.o)
                0x000000000001a8ec                __clz_tab
 .rodata        0x000000000001a9ec        0xf ../flight_control_bsp//libucosii_bsp.a(alt_main.o)
 *fill*         0x000000000001a9fb        0x1 
 .rodata        0x000000000001a9fc      0x11e ../flight_control_bsp//libucosii_bsp.a(os_core.o)
                0x000000000001a9fc                OSUnMapTbl
 *fill*         0x000000000001ab1a        0x2 
 .rodata        0x000000000001ab1c       0x35 ../flight_control_bsp//libucosii_bsp.a(os_tmr.o)
 *fill*         0x000000000001ab51        0x3 
 .rodata        0x000000000001ab54      0x159 ../flight_control_bsp//libucosii_bsp.a(alt_sys_init.o)
 *fill*         0x000000000001acad        0x3 
 .rodata        0x000000000001acb0        0xa ../flight_control_bsp//libucosii_bsp.a(alt_dev.o)
 *fill*         0x000000000001acba        0x2 
 .rodata        0x000000000001acbc        0x2 ../flight_control_bsp//libucosii_bsp.a(os_cpu_c.o)
 *(.rodata1)
                0x000000000001acc0                . = ALIGN (0x4)
 *fill*         0x000000000001acbe        0x2 
                0x000000000001acc0                PROVIDE (__ram_rodata_end, ABSOLUTE (.))
                0x000000000001a340                PROVIDE (__flash_rodata_start, LOADADDR (.rodata))

.rwdata         0x000000000001acc0     0x1e7c load address 0x000000000001cb3c
                0x000000000001acc0                PROVIDE (__ram_rwdata_start, ABSOLUTE (.))
                0x000000000001acc0                . = ALIGN (0x4)
 *(.got.plt)
 *(.got)
 *(.data1)
 *(.data .data.* .gnu.linkonce.d.*)
 .data          0x000000000001acc0        0x0 ../flight_control_bsp//obj/HAL/src/crt0.o
 .data          0x000000000001acc0        0x0 obj/default/flight_control.o
 .data          0x000000000001acc0        0x0 /opt/intelFPGA/18.1/nios2eds/bin/gnu/H-x86_64-pc-linux-gnu/bin/../lib/gcc/nios2-elf/5.3.0/../../../../../H-x86_64-pc-linux-gnu/nios2-elf/lib/mhw-mulx/libc.a(lib_a-rand.o)
 .data          0x000000000001acc0        0x0 /opt/intelFPGA/18.1/nios2eds/bin/gnu/H-x86_64-pc-linux-gnu/bin/../lib/gcc/nios2-elf/5.3.0/../../../../../H-x86_64-pc-linux-gnu/nios2-elf/lib/mhw-mulx/libc.a(lib_a-sprintf.o)
 .data          0x000000000001acc0        0x0 /opt/intelFPGA/18.1/nios2eds/bin/gnu/H-x86_64-pc-linux-gnu/bin/../lib/gcc/nios2-elf/5.3.0/../../../../../H-x86_64-pc-linux-gnu/nios2-elf/lib/mhw-mulx/libc.a(lib_a-svfprintf.o)
 .data          0x000000000001acc0        0x0 /opt/intelFPGA/18.1/nios2eds/bin/gnu/H-x86_64-pc-linux-gnu/bin/../lib/gcc/nios2-elf/5.3.0/../../../../../H-x86_64-pc-linux-gnu/nios2-elf/lib/mhw-mulx/libc.a(lib_a-dtoa.o)
 .data          0x000000000001acc0        0x0 /opt/intelFPGA/18.1/nios2eds/bin/gnu/H-x86_64-pc-linux-gnu/bin/../lib/gcc/nios2-elf/5.3.0/../../../../../H-x86_64-pc-linux-gnu/nios2-elf/lib/mhw-mulx/libc.a(lib_a-impure.o)
 .data.impure_data
                0x000000000001acc0      0x424 /opt/intelFPGA/18.1/nios2eds/bin/gnu/H-x86_64-pc-linux-gnu/bin/../lib/gcc/nios2-elf/5.3.0/../../../../../H-x86_64-pc-linux-gnu/nios2-elf/lib/mhw-mulx/libc.a(lib_a-impure.o)
 .data          0x000000000001b0e4        0x0 /opt/intelFPGA/18.1/nios2eds/bin/gnu/H-x86_64-pc-linux-gnu/bin/../lib/gcc/nios2-elf/5.3.0/../../../../../H-x86_64-pc-linux-gnu/nios2-elf/lib/mhw-mulx/libc.a(lib_a-locale.o)
 .data.lc_message_charset
                0x000000000001b0e4       0x20 /opt/intelFPGA/18.1/nios2eds/bin/gnu/H-x86_64-pc-linux-gnu/bin/../lib/gcc/nios2-elf/5.3.0/../../../../../H-x86_64-pc-linux-gnu/nios2-elf/lib/mhw-mulx/libc.a(lib_a-locale.o)
 .data.lc_ctype_charset
                0x000000000001b104       0x20 /opt/intelFPGA/18.1/nios2eds/bin/gnu/H-x86_64-pc-linux-gnu/bin/../lib/gcc/nios2-elf/5.3.0/../../../../../H-x86_64-pc-linux-gnu/nios2-elf/lib/mhw-mulx/libc.a(lib_a-locale.o)
 .data.lconv    0x000000000001b124       0x38 /opt/intelFPGA/18.1/nios2eds/bin/gnu/H-x86_64-pc-linux-gnu/bin/../lib/gcc/nios2-elf/5.3.0/../../../../../H-x86_64-pc-linux-gnu/nios2-elf/lib/mhw-mulx/libc.a(lib_a-locale.o)
 .data          0x000000000001b15c        0x0 /opt/intelFPGA/18.1/nios2eds/bin/gnu/H-x86_64-pc-linux-gnu/bin/../lib/gcc/nios2-elf/5.3.0/../../../../../H-x86_64-pc-linux-gnu/nios2-elf/lib/mhw-mulx/libc.a(lib_a-mallocr.o)
 .data.__malloc_av_
                0x000000000001b15c      0x408 /opt/intelFPGA/18.1/nios2eds/bin/gnu/H-x86_64-pc-linux-gnu/bin/../lib/gcc/nios2-elf/5.3.0/../../../../../H-x86_64-pc-linux-gnu/nios2-elf/lib/mhw-mulx/libc.a(lib_a-mallocr.o)
                0x000000000001b15c                __malloc_av_
 .data          0x000000000001b564        0x0 /opt/intelFPGA/18.1/nios2eds/bin/gnu/H-x86_64-pc-linux-gnu/bin/../lib/gcc/nios2-elf/5.3.0/../../../../../H-x86_64-pc-linux-gnu/nios2-elf/lib/mhw-mulx/libc.a(lib_a-memchr.o)
 .data          0x000000000001b564        0x0 /opt/intelFPGA/18.1/nios2eds/bin/gnu/H-x86_64-pc-linux-gnu/bin/../lib/gcc/nios2-elf/5.3.0/../../../../../H-x86_64-pc-linux-gnu/nios2-elf/lib/mhw-mulx/libc.a(lib_a-memcpy.o)
 .data          0x000000000001b564        0x0 /opt/intelFPGA/18.1/nios2eds/bin/gnu/H-x86_64-pc-linux-gnu/bin/../lib/gcc/nios2-elf/5.3.0/../../../../../H-x86_64-pc-linux-gnu/nios2-elf/lib/mhw-mulx/libc.a(lib_a-mprec.o)
 .data          0x000000000001b564        0x0 /opt/intelFPGA/18.1/nios2eds/bin/gnu/H-x86_64-pc-linux-gnu/bin/../lib/gcc/nios2-elf/5.3.0/../../../../../H-x86_64-pc-linux-gnu/nios2-elf/lib/mhw-mulx/libc.a(lib_a-s_fpclassify.o)
 .data          0x000000000001b564        0x0 /opt/intelFPGA/18.1/nios2eds/bin/gnu/H-x86_64-pc-linux-gnu/bin/../lib/gcc/nios2-elf/5.3.0/../../../../../H-x86_64-pc-linux-gnu/nios2-elf/lib/mhw-mulx/libc.a(lib_a-sbrkr.o)
 .data          0x000000000001b564        0x0 /opt/intelFPGA/18.1/nios2eds/bin/gnu/H-x86_64-pc-linux-gnu/bin/../lib/gcc/nios2-elf/5.3.0/../../../../../H-x86_64-pc-linux-gnu/nios2-elf/lib/mhw-mulx/libc.a(lib_a-strcmp.o)
 .data          0x000000000001b564        0x0 /opt/intelFPGA/18.1/nios2eds/bin/gnu/H-x86_64-pc-linux-gnu/bin/../lib/gcc/nios2-elf/5.3.0/../../../../../H-x86_64-pc-linux-gnu/nios2-elf/lib/mhw-mulx/libc.a(lib_a-strlen.o)
 .data          0x000000000001b564        0x0 /opt/intelFPGA/18.1/nios2eds/bin/gnu/H-x86_64-pc-linux-gnu/bin/../lib/gcc/nios2-elf/5.3.0/../../../../../H-x86_64-pc-linux-gnu/nios2-elf/lib/mhw-mulx/libc.a(lib_a-svfiprintf.o)
 .data          0x000000000001b564        0x0 /opt/intelFPGA/18.1/nios2eds/bin/gnu/H-x86_64-pc-linux-gnu/bin/../lib/gcc/nios2-elf/5.3.0/../../../../../H-x86_64-pc-linux-gnu/nios2-elf/lib/mhw-mulx/libc.a(lib_a-callocr.o)
 .data          0x000000000001b564        0x0 /opt/intelFPGA/18.1/nios2eds/bin/gnu/H-x86_64-pc-linux-gnu/bin/../lib/gcc/nios2-elf/5.3.0/../../../../../H-x86_64-pc-linux-gnu/nios2-elf/lib/mhw-mulx/libc.a(lib_a-freer.o)
 .data          0x000000000001b564        0x0 /opt/intelFPGA/18.1/nios2eds/bin/gnu/H-x86_64-pc-linux-gnu/bin/../lib/gcc/nios2-elf/5.3.0/../../../../../H-x86_64-pc-linux-gnu/nios2-elf/lib/mhw-mulx/libc.a(lib_a-int_errno.o)
 .data          0x000000000001b564        0x0 /opt/intelFPGA/18.1/nios2eds/bin/gnu/H-x86_64-pc-linux-gnu/bin/../lib/gcc/nios2-elf/5.3.0/../../../../../H-x86_64-pc-linux-gnu/nios2-elf/lib/mhw-mulx/libc.a(lib_a-memmove.o)
 .data          0x000000000001b564        0x0 /opt/intelFPGA/18.1/nios2eds/bin/gnu/H-x86_64-pc-linux-gnu/bin/../lib/gcc/nios2-elf/5.3.0/../../../../../H-x86_64-pc-linux-gnu/nios2-elf/lib/mhw-mulx/libc.a(lib_a-memset.o)
 .data          0x000000000001b564        0x0 /opt/intelFPGA/18.1/nios2eds/bin/gnu/H-x86_64-pc-linux-gnu/bin/../lib/gcc/nios2-elf/5.3.0/../../../../../H-x86_64-pc-linux-gnu/nios2-elf/lib/mhw-mulx/libc.a(lib_a-reallocr.o)
 .data          0x000000000001b564        0x0 /opt/intelFPGA/18.1/nios2eds/bin/gnu/H-x86_64-pc-linux-gnu/bin/../lib/gcc/nios2-elf/5.3.0/mhw-mulx/libgcc.a(_udivdi3.o)
 .data          0x000000000001b564        0x0 /opt/intelFPGA/18.1/nios2eds/bin/gnu/H-x86_64-pc-linux-gnu/bin/../lib/gcc/nios2-elf/5.3.0/mhw-mulx/libgcc.a(_umoddi3.o)
 .data          0x000000000001b564        0x0 /opt/intelFPGA/18.1/nios2eds/bin/gnu/H-x86_64-pc-linux-gnu/bin/../lib/gcc/nios2-elf/5.3.0/mhw-mulx/libgcc.a(lib2-divmod.o)
 .data          0x000000000001b564        0x0 /opt/intelFPGA/18.1/nios2eds/bin/gnu/H-x86_64-pc-linux-gnu/bin/../lib/gcc/nios2-elf/5.3.0/mhw-mulx/libgcc.a(adddf3.o)
 .data          0x000000000001b564        0x0 /opt/intelFPGA/18.1/nios2eds/bin/gnu/H-x86_64-pc-linux-gnu/bin/../lib/gcc/nios2-elf/5.3.0/mhw-mulx/libgcc.a(divdf3.o)
 .data          0x000000000001b564        0x0 /opt/intelFPGA/18.1/nios2eds/bin/gnu/H-x86_64-pc-linux-gnu/bin/../lib/gcc/nios2-elf/5.3.0/mhw-mulx/libgcc.a(eqdf2.o)
 .data          0x000000000001b564        0x0 /opt/intelFPGA/18.1/nios2eds/bin/gnu/H-x86_64-pc-linux-gnu/bin/../lib/gcc/nios2-elf/5.3.0/mhw-mulx/libgcc.a(gedf2.o)
 .data          0x000000000001b564        0x0 /opt/intelFPGA/18.1/nios2eds/bin/gnu/H-x86_64-pc-linux-gnu/bin/../lib/gcc/nios2-elf/5.3.0/mhw-mulx/libgcc.a(ledf2.o)
 .data          0x000000000001b564        0x0 /opt/intelFPGA/18.1/nios2eds/bin/gnu/H-x86_64-pc-linux-gnu/bin/../lib/gcc/nios2-elf/5.3.0/mhw-mulx/libgcc.a(muldf3.o)
 .data          0x000000000001b564        0x0 /opt/intelFPGA/18.1/nios2eds/bin/gnu/H-x86_64-pc-linux-gnu/bin/../lib/gcc/nios2-elf/5.3.0/mhw-mulx/libgcc.a(subdf3.o)
 .data          0x000000000001b564        0x0 /opt/intelFPGA/18.1/nios2eds/bin/gnu/H-x86_64-pc-linux-gnu/bin/../lib/gcc/nios2-elf/5.3.0/mhw-mulx/libgcc.a(fixdfsi.o)
 .data          0x000000000001b564        0x0 /opt/intelFPGA/18.1/nios2eds/bin/gnu/H-x86_64-pc-linux-gnu/bin/../lib/gcc/nios2-elf/5.3.0/mhw-mulx/libgcc.a(floatsidf.o)
 .data          0x000000000001b564        0x0 /opt/intelFPGA/18.1/nios2eds/bin/gnu/H-x86_64-pc-linux-gnu/bin/../lib/gcc/nios2-elf/5.3.0/mhw-mulx/libgcc.a(floatunsidf.o)
 .data          0x000000000001b564        0x0 /opt/intelFPGA/18.1/nios2eds/bin/gnu/H-x86_64-pc-linux-gnu/bin/../lib/gcc/nios2-elf/5.3.0/mhw-mulx/libgcc.a(_clz.o)
 .data          0x000000000001b564        0x0 /opt/intelFPGA/18.1/nios2eds/bin/gnu/H-x86_64-pc-linux-gnu/bin/../lib/gcc/nios2-elf/5.3.0/mhw-mulx/libgcc.a(_clzsi2.o)
 .data          0x000000000001b564        0x0 ../flight_control_bsp//libucosii_bsp.a(alt_load.o)
 .data          0x000000000001b564        0x0 ../flight_control_bsp//libucosii_bsp.a(alt_main.o)
 .data          0x000000000001b564        0x0 ../flight_control_bsp//libucosii_bsp.a(alt_sbrk.o)
 .data          0x000000000001b564        0x0 ../flight_control_bsp//libucosii_bsp.a(alt_env_lock.o)
 .data          0x000000000001b564        0x0 ../flight_control_bsp//libucosii_bsp.a(alt_malloc_lock.o)
 .data          0x000000000001b564        0x0 ../flight_control_bsp//libucosii_bsp.a(os_core.o)
 .data          0x000000000001b564        0x0 ../flight_control_bsp//libucosii_bsp.a(os_dbg.o)
 .data          0x000000000001b564        0x0 ../flight_control_bsp//libucosii_bsp.a(os_flag.o)
 .data          0x000000000001b564        0x0 ../flight_control_bsp//libucosii_bsp.a(os_mbox.o)
 .data          0x000000000001b564        0x0 ../flight_control_bsp//libucosii_bsp.a(os_mem.o)
 .data          0x000000000001b564        0x0 ../flight_control_bsp//libucosii_bsp.a(os_q.o)
 .data          0x000000000001b564        0x0 ../flight_control_bsp//libucosii_bsp.a(os_sem.o)
 .data          0x000000000001b564        0x0 ../flight_control_bsp//libucosii_bsp.a(os_task.o)
 .data          0x000000000001b564        0x0 ../flight_control_bsp//libucosii_bsp.a(os_time.o)
 .data          0x000000000001b564        0x0 ../flight_control_bsp//libucosii_bsp.a(os_tmr.o)
 .data          0x000000000001b564     0x1378 ../flight_control_bsp//libucosii_bsp.a(alt_sys_init.o)
 .data          0x000000000001c8dc        0x0 ../flight_control_bsp//libucosii_bsp.a(altera_avalon_jtag_uart_fd.o)
 .data          0x000000000001c8dc        0x0 ../flight_control_bsp//libucosii_bsp.a(altera_avalon_jtag_uart_init.o)
 .data          0x000000000001c8dc        0x0 ../flight_control_bsp//libucosii_bsp.a(altera_avalon_jtag_uart_ioctl.o)
 .data          0x000000000001c8dc        0x0 ../flight_control_bsp//libucosii_bsp.a(altera_avalon_jtag_uart_read.o)
 .data          0x000000000001c8dc        0x0 ../flight_control_bsp//libucosii_bsp.a(altera_avalon_jtag_uart_write.o)
 .data          0x000000000001c8dc        0x0 ../flight_control_bsp//libucosii_bsp.a(altera_avalon_timer_sc.o)
 .data          0x000000000001c8dc        0x0 ../flight_control_bsp//libucosii_bsp.a(altera_up_avalon_character_lcd.o)
 .data          0x000000000001c8dc        0x0 ../flight_control_bsp//libucosii_bsp.a(altera_up_avalon_irda.o)
 .data          0x000000000001c8dc        0x0 ../flight_control_bsp//libucosii_bsp.a(altera_up_avalon_ps2.o)
 .data          0x000000000001c8dc        0x0 ../flight_control_bsp//libucosii_bsp.a(altera_up_avalon_rs232.o)
 .data          0x000000000001c8dc        0x0 ../flight_control_bsp//libucosii_bsp.a(alt_alarm_start.o)
 .data          0x000000000001c8dc        0x0 ../flight_control_bsp//libucosii_bsp.a(alt_close.o)
 .data          0x000000000001c8dc        0x0 ../flight_control_bsp//libucosii_bsp.a(alt_dcache_flush_all.o)
 .data          0x000000000001c8dc      0x1a8 ../flight_control_bsp//libucosii_bsp.a(alt_dev.o)
                0x000000000001c8dc                alt_dev_null
                0x000000000001c904                alt_fd_list
 .data          0x000000000001ca84        0x0 ../flight_control_bsp//libucosii_bsp.a(alt_dev_llist_insert.o)
 .data          0x000000000001ca84        0x0 ../flight_control_bsp//libucosii_bsp.a(alt_do_ctors.o)
 .data          0x000000000001ca84        0x0 ../flight_control_bsp//libucosii_bsp.a(alt_do_dtors.o)
 .data          0x000000000001ca84        0x0 ../flight_control_bsp//libucosii_bsp.a(alt_errno.o)
 .data          0x000000000001ca84        0x0 ../flight_control_bsp//libucosii_bsp.a(alt_find_dev.o)
 .data          0x000000000001ca84        0x0 ../flight_control_bsp//libucosii_bsp.a(alt_icache_flush_all.o)
 .data          0x000000000001ca84        0x0 ../flight_control_bsp//libucosii_bsp.a(alt_io_redirect.o)
 .data          0x000000000001ca84        0x0 ../flight_control_bsp//libucosii_bsp.a(alt_irq_register.o)
 .data          0x000000000001ca84        0x0 ../flight_control_bsp//libucosii_bsp.a(alt_irq_vars.o)
 .data          0x000000000001ca84        0x0 ../flight_control_bsp//libucosii_bsp.a(alt_open.o)
 .data          0x000000000001ca84        0x0 ../flight_control_bsp//libucosii_bsp.a(alt_release_fd.o)
 .data          0x000000000001ca84        0x0 ../flight_control_bsp//libucosii_bsp.a(alt_tick.o)
 .data          0x000000000001ca84        0x0 ../flight_control_bsp//libucosii_bsp.a(altera_nios2_gen2_irq.o)
 .data          0x000000000001ca84        0x0 ../flight_control_bsp//libucosii_bsp.a(os_cpu_a.o)
 .data          0x000000000001ca84        0x0 ../flight_control_bsp//libucosii_bsp.a(os_cpu_c.o)
 .data          0x000000000001ca84        0x0 ../flight_control_bsp//libucosii_bsp.a(alt_find_file.o)
 .data          0x000000000001ca84        0x0 ../flight_control_bsp//libucosii_bsp.a(alt_get_fd.o)
 .data          0x000000000001ca84        0x0 ../flight_control_bsp//libucosii_bsp.a(alt_icache_flush.o)
 .data          0x000000000001ca84        0x0 ../flight_control_bsp//libucosii_bsp.a(alt_irq_entry.o)
 .data          0x000000000001ca84        0x0 ../flight_control_bsp//libucosii_bsp.a(alt_irq_handler.o)
 .data          0x000000000001ca84        0x0 ../flight_control_bsp//libucosii_bsp.a(alt_exception_entry.o)
 .data          0x000000000001ca84        0x0 ../flight_control_bsp//libucosii_bsp.a(alt_instruction_exception_entry.o)
 .data          0x000000000001ca84        0x0 /opt/intelFPGA/18.1/nios2eds/bin/gnu/H-x86_64-pc-linux-gnu/bin/../lib/gcc/nios2-elf/5.3.0/../../../../../H-x86_64-pc-linux-gnu/nios2-elf/lib/mhw-mulx/libc.a(lib_a-atexit.o)
 .data          0x000000000001ca84        0x0 /opt/intelFPGA/18.1/nios2eds/bin/gnu/H-x86_64-pc-linux-gnu/bin/../lib/gcc/nios2-elf/5.3.0/../../../../../H-x86_64-pc-linux-gnu/nios2-elf/lib/mhw-mulx/libc.a(lib_a-exit.o)
 .data          0x000000000001ca84        0x0 /opt/intelFPGA/18.1/nios2eds/bin/gnu/H-x86_64-pc-linux-gnu/bin/../lib/gcc/nios2-elf/5.3.0/../../../../../H-x86_64-pc-linux-gnu/nios2-elf/lib/mhw-mulx/libc.a(lib_a-memcmp.o)
 .data          0x000000000001ca84        0x0 /opt/intelFPGA/18.1/nios2eds/bin/gnu/H-x86_64-pc-linux-gnu/bin/../lib/gcc/nios2-elf/5.3.0/../../../../../H-x86_64-pc-linux-gnu/nios2-elf/lib/mhw-mulx/libc.a(lib_a-__atexit.o)
 .data          0x000000000001ca84        0x0 /opt/intelFPGA/18.1/nios2eds/bin/gnu/H-x86_64-pc-linux-gnu/bin/../lib/gcc/nios2-elf/5.3.0/../../../../../H-x86_64-pc-linux-gnu/nios2-elf/lib/mhw-mulx/libc.a(lib_a-__call_atexit.o)
 .data          0x000000000001ca84        0x0 ../flight_control_bsp//libucosii_bsp.a(alt_exit.o)
                0x0000000000024a84                _gp = ABSOLUTE ((. + 0x8000))
                [!provide]                        PROVIDE (gp, _gp)
 *(.rwdata .rwdata.*)
 *(.sdata .sdata.* .gnu.linkonce.s.*)
 .sdata._global_impure_ptr
                0x000000000001ca84        0x4 /opt/intelFPGA/18.1/nios2eds/bin/gnu/H-x86_64-pc-linux-gnu/bin/../lib/gcc/nios2-elf/5.3.0/../../../../../H-x86_64-pc-linux-gnu/nios2-elf/lib/mhw-mulx/libc.a(lib_a-impure.o)
                0x000000000001ca84                _global_impure_ptr
 .sdata._impure_ptr
                0x000000000001ca88        0x4 /opt/intelFPGA/18.1/nios2eds/bin/gnu/H-x86_64-pc-linux-gnu/bin/../lib/gcc/nios2-elf/5.3.0/../../../../../H-x86_64-pc-linux-gnu/nios2-elf/lib/mhw-mulx/libc.a(lib_a-impure.o)
                0x000000000001ca88                _impure_ptr
 .sdata.__mb_cur_max
                0x000000000001ca8c        0x4 /opt/intelFPGA/18.1/nios2eds/bin/gnu/H-x86_64-pc-linux-gnu/bin/../lib/gcc/nios2-elf/5.3.0/../../../../../H-x86_64-pc-linux-gnu/nios2-elf/lib/mhw-mulx/libc.a(lib_a-locale.o)
                0x000000000001ca8c                __mb_cur_max
 .sdata.__malloc_sbrk_base
                0x000000000001ca90        0x4 /opt/intelFPGA/18.1/nios2eds/bin/gnu/H-x86_64-pc-linux-gnu/bin/../lib/gcc/nios2-elf/5.3.0/../../../../../H-x86_64-pc-linux-gnu/nios2-elf/lib/mhw-mulx/libc.a(lib_a-mallocr.o)
                0x000000000001ca90                __malloc_sbrk_base
 .sdata.__malloc_trim_threshold
                0x000000000001ca94        0x4 /opt/intelFPGA/18.1/nios2eds/bin/gnu/H-x86_64-pc-linux-gnu/bin/../lib/gcc/nios2-elf/5.3.0/../../../../../H-x86_64-pc-linux-gnu/nios2-elf/lib/mhw-mulx/libc.a(lib_a-mallocr.o)
                0x000000000001ca94                __malloc_trim_threshold
 .sdata         0x000000000001ca98        0x4 ../flight_control_bsp//libucosii_bsp.a(alt_sbrk.o)
 .sdata         0x000000000001ca9c        0x4 ../flight_control_bsp//libucosii_bsp.a(alt_env_lock.o)
 .sdata         0x000000000001caa0        0x4 ../flight_control_bsp//libucosii_bsp.a(alt_malloc_lock.o)
 .sdata         0x000000000001caa4       0x72 ../flight_control_bsp//libucosii_bsp.a(os_dbg.o)
                0x000000000001caa4                OSDebugEn
                0x000000000001caa8                OSEndiannessTest
                0x000000000001caac                OSEventEn
                0x000000000001caae                OSEventMax
                0x000000000001cab0                OSEventNameSize
                0x000000000001cab2                OSEventSize
                0x000000000001cab4                OSEventTblSize
                0x000000000001cab6                OSEventMultiEn
                0x000000000001cab8                OSFlagEn
                0x000000000001caba                OSFlagGrpSize
                0x000000000001cabc                OSFlagNodeSize
                0x000000000001cabe                OSFlagWidth
                0x000000000001cac0                OSFlagMax
                0x000000000001cac2                OSFlagNameSize
                0x000000000001cac4                OSLowestPrio
                0x000000000001cac6                OSMboxEn
                0x000000000001cac8                OSMemEn
                0x000000000001caca                OSMemMax
                0x000000000001cacc                OSMemNameSize
                0x000000000001cace                OSMemSize
                0x000000000001cad0                OSMemTblSize
                0x000000000001cad2                OSMutexEn
                0x000000000001cad4                OSPtrSize
                0x000000000001cad6                OSQEn
                0x000000000001cad8                OSQMax
                0x000000000001cada                OSQSize
                0x000000000001cadc                OSRdyTblSize
                0x000000000001cade                OSSemEn
                0x000000000001cae0                OSStkWidth
                0x000000000001cae2                OSTaskCreateEn
                0x000000000001cae4                OSTaskCreateExtEn
                0x000000000001cae6                OSTaskDelEn
                0x000000000001cae8                OSTaskIdleStkSize
                0x000000000001caea                OSTaskProfileEn
                0x000000000001caec                OSTaskMax
                0x000000000001caee                OSTaskNameSize
                0x000000000001caf0                OSTaskStatEn
                0x000000000001caf2                OSTaskStatStkSize
                0x000000000001caf4                OSTaskStatStkChkEn
                0x000000000001caf6                OSTaskSwHookEn
                0x000000000001caf8                OSTCBPrioTblMax
                0x000000000001cafa                OSTCBSize
                0x000000000001cafc                OSTicksPerSec
                0x000000000001cafe                OSTimeTickHookEn
                0x000000000001cb00                OSVersionNbr
                0x000000000001cb02                OSTmrEn
                0x000000000001cb04                OSTmrCfgMax
                0x000000000001cb06                OSTmrCfgNameSize
                0x000000000001cb08                OSTmrCfgWheelSize
                0x000000000001cb0a                OSTmrCfgTicksPerSec
                0x000000000001cb0c                OSTmrSize
                0x000000000001cb0e                OSTmrTblSize
                0x000000000001cb10                OSTmrWheelSize
                0x000000000001cb12                OSTmrWheelTblSize
                0x000000000001cb14                OSDataSize
 *fill*         0x000000000001cb16        0x2 
 .sdata         0x000000000001cb18       0x14 ../flight_control_bsp//libucosii_bsp.a(alt_dev.o)
                0x000000000001cb18                alt_fs_list
                0x000000000001cb20                alt_dev_list
                0x000000000001cb28                alt_max_fd
 .sdata         0x000000000001cb2c        0x4 ../flight_control_bsp//libucosii_bsp.a(alt_errno.o)
                0x000000000001cb2c                alt_errno
 .sdata         0x000000000001cb30        0x4 ../flight_control_bsp//libucosii_bsp.a(alt_irq_vars.o)
                0x000000000001cb30                alt_priority_mask
 .sdata         0x000000000001cb34        0x8 ../flight_control_bsp//libucosii_bsp.a(alt_tick.o)
                0x000000000001cb34                alt_alarm_list
 *(.sdata2 .sdata2.* .gnu.linkonce.s2.*)
                0x000000000001cb3c                . = ALIGN (0x4)
                0x000000000001cb3c                _edata = ABSOLUTE (.)
                [!provide]                        PROVIDE (edata, ABSOLUTE (.))
                0x000000000001cb3c                PROVIDE (__ram_rwdata_end, ABSOLUTE (.))
                0x000000000001cb3c                PROVIDE (__flash_rwdata_start, LOADADDR (.rwdata))

.bss            0x000000000001e9b8    0x172d8
                0x000000000001e9b8                __bss_start = ABSOLUTE (.)
                [!provide]                        PROVIDE (__sbss_start, ABSOLUTE (.))
                [!provide]                        PROVIDE (___sbss_start, ABSOLUTE (.))
 *(.dynsbss)
 *(.sbss .sbss.* .gnu.linkonce.sb.*)
 .sbss          0x000000000001e9b8        0x1 obj/default/flight_control.o
                0x000000000001e9b8                totalFlights
 *fill*         0x000000000001e9b9        0x3 
 .sbss          0x000000000001e9bc       0x30 obj/default/flight_control.o
                0x000000000001e9bc                inbound_dsp_queue
                0x000000000001e9c0                row_swap
                0x000000000001e9c4                expired_sem
                0x000000000001e9c8                callback_sem
                0x000000000001e9cc                in_expire_mailbox
                0x000000000001e9d0                inboundCount
                0x000000000001e9d4                expired_ack_sem
                0x000000000001e9d8                outboundCount
                0x000000000001e9dc                sim_state
                0x000000000001e9e0                runway_sem
                0x000000000001e9e4                outbound_dsp_queue
                0x000000000001e9e8                out_expire_mailbox
 .sbss._PathLocale
                0x000000000001e9ec        0x4 /opt/intelFPGA/18.1/nios2eds/bin/gnu/H-x86_64-pc-linux-gnu/bin/../lib/gcc/nios2-elf/5.3.0/../../../../../H-x86_64-pc-linux-gnu/nios2-elf/lib/mhw-mulx/libc.a(lib_a-locale.o)
                0x000000000001e9ec                _PathLocale
 .sbss.__mlocale_changed
                0x000000000001e9f0        0x4 /opt/intelFPGA/18.1/nios2eds/bin/gnu/H-x86_64-pc-linux-gnu/bin/../lib/gcc/nios2-elf/5.3.0/../../../../../H-x86_64-pc-linux-gnu/nios2-elf/lib/mhw-mulx/libc.a(lib_a-locale.o)
                0x000000000001e9f0                __mlocale_changed
 .sbss.__nlocale_changed
                0x000000000001e9f4        0x4 /opt/intelFPGA/18.1/nios2eds/bin/gnu/H-x86_64-pc-linux-gnu/bin/../lib/gcc/nios2-elf/5.3.0/../../../../../H-x86_64-pc-linux-gnu/nios2-elf/lib/mhw-mulx/libc.a(lib_a-locale.o)
                0x000000000001e9f4                __nlocale_changed
 .sbss.__malloc_max_total_mem
                0x000000000001e9f8        0x4 /opt/intelFPGA/18.1/nios2eds/bin/gnu/H-x86_64-pc-linux-gnu/bin/../lib/gcc/nios2-elf/5.3.0/../../../../../H-x86_64-pc-linux-gnu/nios2-elf/lib/mhw-mulx/libc.a(lib_a-mallocr.o)
                0x000000000001e9f8                __malloc_max_total_mem
 .sbss.__malloc_max_sbrked_mem
                0x000000000001e9fc        0x4 /opt/intelFPGA/18.1/nios2eds/bin/gnu/H-x86_64-pc-linux-gnu/bin/../lib/gcc/nios2-elf/5.3.0/../../../../../H-x86_64-pc-linux-gnu/nios2-elf/lib/mhw-mulx/libc.a(lib_a-mallocr.o)
                0x000000000001e9fc                __malloc_max_sbrked_mem
 .sbss.__malloc_top_pad
                0x000000000001ea00        0x4 /opt/intelFPGA/18.1/nios2eds/bin/gnu/H-x86_64-pc-linux-gnu/bin/../lib/gcc/nios2-elf/5.3.0/../../../../../H-x86_64-pc-linux-gnu/nios2-elf/lib/mhw-mulx/libc.a(lib_a-mallocr.o)
                0x000000000001ea00                __malloc_top_pad
 .sbss          0x000000000001ea04        0x4 /opt/intelFPGA/18.1/nios2eds/bin/gnu/H-x86_64-pc-linux-gnu/bin/../lib/gcc/nios2-elf/5.3.0/../../../../../H-x86_64-pc-linux-gnu/nios2-elf/lib/mhw-mulx/libc.a(lib_a-int_errno.o)
                0x000000000001ea04                errno
 .sbss          0x000000000001ea08        0xc ../flight_control_bsp//libucosii_bsp.a(alt_main.o)
                0x000000000001ea08                alt_argc
                0x000000000001ea0c                alt_argv
                0x000000000001ea10                alt_envp
 .sbss          0x000000000001ea14        0x8 ../flight_control_bsp//libucosii_bsp.a(alt_env_lock.o)
                0x000000000001ea18                alt_envsem
 .sbss          0x000000000001ea1c        0x8 ../flight_control_bsp//libucosii_bsp.a(alt_malloc_lock.o)
                0x000000000001ea20                alt_heapsem
 .sbss          0x000000000001ea24       0x6c ../flight_control_bsp//libucosii_bsp.a(os_core.o)
                0x000000000001ea24                OSTmrFreeList
                0x000000000001ea28                OSLockNesting
                0x000000000001ea2c                OSTmrSemSignal
                0x000000000001ea30                OSRunning
                0x000000000001ea34                OSIdleCtr
                0x000000000001ea38                OSTmrUsed
                0x000000000001ea3a                OSPrioHighRdy
                0x000000000001ea3b                OSPrioCur
                0x000000000001ea3c                OSTCBList
                0x000000000001ea40                OSTickStepState
                0x000000000001ea44                OSCtxSwCtr
                0x000000000001ea48                OSTmrFree
                0x000000000001ea4c                OSIdleCtrMax
                0x000000000001ea50                OSTCBFreeList
                0x000000000001ea54                OSCPUUsage
                0x000000000001ea55                OSTaskCtr
                0x000000000001ea58                OSMemFreeList
                0x000000000001ea5c                OSTCBHighRdy
                0x000000000001ea60                OSQFreeList
                0x000000000001ea64                OSRdyGrp
                0x000000000001ea65                OSRdyTbl
                0x000000000001ea6c                OSEventFreeList
                0x000000000001ea70                OSIntNesting
                0x000000000001ea74                OSTCBCur
                0x000000000001ea78                OSTmrTime
                0x000000000001ea7c                OSTime
                0x000000000001ea80                OSTmrSem
                0x000000000001ea84                OSFlagFreeList
                0x000000000001ea88                OSStatRdy
                0x000000000001ea8c                OSIdleCtrRun
 .sbss          0x000000000001ea90        0x4 ../flight_control_bsp//libucosii_bsp.a(alt_dev.o)
                0x000000000001ea90                alt_fd_list_lock
 .sbss          0x000000000001ea94        0x4 ../flight_control_bsp//libucosii_bsp.a(alt_irq_vars.o)
                0x000000000001ea94                alt_irq_active
 .sbss          0x000000000001ea98        0x8 ../flight_control_bsp//libucosii_bsp.a(alt_tick.o)
                0x000000000001ea98                _alt_tick_rate
                0x000000000001ea9c                _alt_nticks
 .sbss          0x000000000001eaa0        0x2 ../flight_control_bsp//libucosii_bsp.a(os_cpu_c.o)
 *fill*         0x000000000001eaa2        0x2 
 .sbss          0x000000000001eaa4        0x4 ../flight_control_bsp//libucosii_bsp.a(alt_instruction_exception_entry.o)
                0x000000000001eaa4                alt_instruction_exception_handler
 *(.sbss2 .sbss2.* .gnu.linkonce.sb2.*)
 *(.scommon)
                [!provide]                        PROVIDE (__sbss_end, ABSOLUTE (.))
                [!provide]                        PROVIDE (___sbss_end, ABSOLUTE (.))
 *(.dynbss)
 *(.bss .bss.* .gnu.linkonce.b.*)
 .bss           0x000000000001eaa8        0x0 ../flight_control_bsp//obj/HAL/src/crt0.o
 .bss           0x000000000001eaa8        0x0 obj/default/flight_control.o
 .bss           0x000000000001eaa8        0x0 /opt/intelFPGA/18.1/nios2eds/bin/gnu/H-x86_64-pc-linux-gnu/bin/../lib/gcc/nios2-elf/5.3.0/../../../../../H-x86_64-pc-linux-gnu/nios2-elf/lib/mhw-mulx/libc.a(lib_a-rand.o)
 .bss           0x000000000001eaa8        0x0 /opt/intelFPGA/18.1/nios2eds/bin/gnu/H-x86_64-pc-linux-gnu/bin/../lib/gcc/nios2-elf/5.3.0/../../../../../H-x86_64-pc-linux-gnu/nios2-elf/lib/mhw-mulx/libc.a(lib_a-sprintf.o)
 .bss           0x000000000001eaa8        0x0 /opt/intelFPGA/18.1/nios2eds/bin/gnu/H-x86_64-pc-linux-gnu/bin/../lib/gcc/nios2-elf/5.3.0/../../../../../H-x86_64-pc-linux-gnu/nios2-elf/lib/mhw-mulx/libc.a(lib_a-svfprintf.o)
 .bss           0x000000000001eaa8        0x0 /opt/intelFPGA/18.1/nios2eds/bin/gnu/H-x86_64-pc-linux-gnu/bin/../lib/gcc/nios2-elf/5.3.0/../../../../../H-x86_64-pc-linux-gnu/nios2-elf/lib/mhw-mulx/libc.a(lib_a-dtoa.o)
 .bss           0x000000000001eaa8        0x0 /opt/intelFPGA/18.1/nios2eds/bin/gnu/H-x86_64-pc-linux-gnu/bin/../lib/gcc/nios2-elf/5.3.0/../../../../../H-x86_64-pc-linux-gnu/nios2-elf/lib/mhw-mulx/libc.a(lib_a-impure.o)
 .bss           0x000000000001eaa8        0x0 /opt/intelFPGA/18.1/nios2eds/bin/gnu/H-x86_64-pc-linux-gnu/bin/../lib/gcc/nios2-elf/5.3.0/../../../../../H-x86_64-pc-linux-gnu/nios2-elf/lib/mhw-mulx/libc.a(lib_a-locale.o)
 .bss           0x000000000001eaa8        0x0 /opt/intelFPGA/18.1/nios2eds/bin/gnu/H-x86_64-pc-linux-gnu/bin/../lib/gcc/nios2-elf/5.3.0/../../../../../H-x86_64-pc-linux-gnu/nios2-elf/lib/mhw-mulx/libc.a(lib_a-mallocr.o)
 .bss.__malloc_current_mallinfo
                0x000000000001eaa8       0x28 /opt/intelFPGA/18.1/nios2eds/bin/gnu/H-x86_64-pc-linux-gnu/bin/../lib/gcc/nios2-elf/5.3.0/../../../../../H-x86_64-pc-linux-gnu/nios2-elf/lib/mhw-mulx/libc.a(lib_a-mallocr.o)
                0x000000000001eaa8                __malloc_current_mallinfo
 .bss           0x000000000001ead0        0x0 /opt/intelFPGA/18.1/nios2eds/bin/gnu/H-x86_64-pc-linux-gnu/bin/../lib/gcc/nios2-elf/5.3.0/../../../../../H-x86_64-pc-linux-gnu/nios2-elf/lib/mhw-mulx/libc.a(lib_a-memchr.o)
 .bss           0x000000000001ead0        0x0 /opt/intelFPGA/18.1/nios2eds/bin/gnu/H-x86_64-pc-linux-gnu/bin/../lib/gcc/nios2-elf/5.3.0/../../../../../H-x86_64-pc-linux-gnu/nios2-elf/lib/mhw-mulx/libc.a(lib_a-memcpy.o)
 .bss           0x000000000001ead0        0x0 /opt/intelFPGA/18.1/nios2eds/bin/gnu/H-x86_64-pc-linux-gnu/bin/../lib/gcc/nios2-elf/5.3.0/../../../../../H-x86_64-pc-linux-gnu/nios2-elf/lib/mhw-mulx/libc.a(lib_a-mprec.o)
 .bss           0x000000000001ead0        0x0 /opt/intelFPGA/18.1/nios2eds/bin/gnu/H-x86_64-pc-linux-gnu/bin/../lib/gcc/nios2-elf/5.3.0/../../../../../H-x86_64-pc-linux-gnu/nios2-elf/lib/mhw-mulx/libc.a(lib_a-s_fpclassify.o)
 .bss           0x000000000001ead0        0x0 /opt/intelFPGA/18.1/nios2eds/bin/gnu/H-x86_64-pc-linux-gnu/bin/../lib/gcc/nios2-elf/5.3.0/../../../../../H-x86_64-pc-linux-gnu/nios2-elf/lib/mhw-mulx/libc.a(lib_a-sbrkr.o)
 .bss           0x000000000001ead0        0x0 /opt/intelFPGA/18.1/nios2eds/bin/gnu/H-x86_64-pc-linux-gnu/bin/../lib/gcc/nios2-elf/5.3.0/../../../../../H-x86_64-pc-linux-gnu/nios2-elf/lib/mhw-mulx/libc.a(lib_a-strcmp.o)
 .bss           0x000000000001ead0        0x0 /opt/intelFPGA/18.1/nios2eds/bin/gnu/H-x86_64-pc-linux-gnu/bin/../lib/gcc/nios2-elf/5.3.0/../../../../../H-x86_64-pc-linux-gnu/nios2-elf/lib/mhw-mulx/libc.a(lib_a-strlen.o)
 .bss           0x000000000001ead0        0x0 /opt/intelFPGA/18.1/nios2eds/bin/gnu/H-x86_64-pc-linux-gnu/bin/../lib/gcc/nios2-elf/5.3.0/../../../../../H-x86_64-pc-linux-gnu/nios2-elf/lib/mhw-mulx/libc.a(lib_a-svfiprintf.o)
 .bss           0x000000000001ead0        0x0 /opt/intelFPGA/18.1/nios2eds/bin/gnu/H-x86_64-pc-linux-gnu/bin/../lib/gcc/nios2-elf/5.3.0/../../../../../H-x86_64-pc-linux-gnu/nios2-elf/lib/mhw-mulx/libc.a(lib_a-callocr.o)
 .bss           0x000000000001ead0        0x0 /opt/intelFPGA/18.1/nios2eds/bin/gnu/H-x86_64-pc-linux-gnu/bin/../lib/gcc/nios2-elf/5.3.0/../../../../../H-x86_64-pc-linux-gnu/nios2-elf/lib/mhw-mulx/libc.a(lib_a-freer.o)
 .bss           0x000000000001ead0        0x0 /opt/intelFPGA/18.1/nios2eds/bin/gnu/H-x86_64-pc-linux-gnu/bin/../lib/gcc/nios2-elf/5.3.0/../../../../../H-x86_64-pc-linux-gnu/nios2-elf/lib/mhw-mulx/libc.a(lib_a-int_errno.o)
 .bss           0x000000000001ead0        0x0 /opt/intelFPGA/18.1/nios2eds/bin/gnu/H-x86_64-pc-linux-gnu/bin/../lib/gcc/nios2-elf/5.3.0/../../../../../H-x86_64-pc-linux-gnu/nios2-elf/lib/mhw-mulx/libc.a(lib_a-memmove.o)
 .bss           0x000000000001ead0        0x0 /opt/intelFPGA/18.1/nios2eds/bin/gnu/H-x86_64-pc-linux-gnu/bin/../lib/gcc/nios2-elf/5.3.0/../../../../../H-x86_64-pc-linux-gnu/nios2-elf/lib/mhw-mulx/libc.a(lib_a-memset.o)
 .bss           0x000000000001ead0        0x0 /opt/intelFPGA/18.1/nios2eds/bin/gnu/H-x86_64-pc-linux-gnu/bin/../lib/gcc/nios2-elf/5.3.0/../../../../../H-x86_64-pc-linux-gnu/nios2-elf/lib/mhw-mulx/libc.a(lib_a-reallocr.o)
 .bss           0x000000000001ead0        0x0 /opt/intelFPGA/18.1/nios2eds/bin/gnu/H-x86_64-pc-linux-gnu/bin/../lib/gcc/nios2-elf/5.3.0/mhw-mulx/libgcc.a(_udivdi3.o)
 .bss           0x000000000001ead0        0x0 /opt/intelFPGA/18.1/nios2eds/bin/gnu/H-x86_64-pc-linux-gnu/bin/../lib/gcc/nios2-elf/5.3.0/mhw-mulx/libgcc.a(_umoddi3.o)
 .bss           0x000000000001ead0        0x0 /opt/intelFPGA/18.1/nios2eds/bin/gnu/H-x86_64-pc-linux-gnu/bin/../lib/gcc/nios2-elf/5.3.0/mhw-mulx/libgcc.a(lib2-divmod.o)
 .bss           0x000000000001ead0        0x0 /opt/intelFPGA/18.1/nios2eds/bin/gnu/H-x86_64-pc-linux-gnu/bin/../lib/gcc/nios2-elf/5.3.0/mhw-mulx/libgcc.a(adddf3.o)
 .bss           0x000000000001ead0        0x0 /opt/intelFPGA/18.1/nios2eds/bin/gnu/H-x86_64-pc-linux-gnu/bin/../lib/gcc/nios2-elf/5.3.0/mhw-mulx/libgcc.a(divdf3.o)
 .bss           0x000000000001ead0        0x0 /opt/intelFPGA/18.1/nios2eds/bin/gnu/H-x86_64-pc-linux-gnu/bin/../lib/gcc/nios2-elf/5.3.0/mhw-mulx/libgcc.a(eqdf2.o)
 .bss           0x000000000001ead0        0x0 /opt/intelFPGA/18.1/nios2eds/bin/gnu/H-x86_64-pc-linux-gnu/bin/../lib/gcc/nios2-elf/5.3.0/mhw-mulx/libgcc.a(gedf2.o)
 .bss           0x000000000001ead0        0x0 /opt/intelFPGA/18.1/nios2eds/bin/gnu/H-x86_64-pc-linux-gnu/bin/../lib/gcc/nios2-elf/5.3.0/mhw-mulx/libgcc.a(ledf2.o)
 .bss           0x000000000001ead0        0x0 /opt/intelFPGA/18.1/nios2eds/bin/gnu/H-x86_64-pc-linux-gnu/bin/../lib/gcc/nios2-elf/5.3.0/mhw-mulx/libgcc.a(muldf3.o)
 .bss           0x000000000001ead0        0x0 /opt/intelFPGA/18.1/nios2eds/bin/gnu/H-x86_64-pc-linux-gnu/bin/../lib/gcc/nios2-elf/5.3.0/mhw-mulx/libgcc.a(subdf3.o)
 .bss           0x000000000001ead0        0x0 /opt/intelFPGA/18.1/nios2eds/bin/gnu/H-x86_64-pc-linux-gnu/bin/../lib/gcc/nios2-elf/5.3.0/mhw-mulx/libgcc.a(fixdfsi.o)